Component: ARM Compiler 5.06 update 7 (build 960) Tool: armlink [4d3601]

==============================================================================

Section Cross References

    startup_stm32f407xx.o(STACK) refers (Special) to heapauxi.o(.text) for __use_two_region_memory
    startup_stm32f407xx.o(HEAP) refers (Special) to heapauxi.o(.text) for __use_two_region_memory
    startup_stm32f407xx.o(RESET) refers (Special) to heapauxi.o(.text) for __use_two_region_memory
    startup_stm32f407xx.o(RESET) refers to startup_stm32f407xx.o(STACK) for __initial_sp
    startup_stm32f407xx.o(RESET) refers to startup_stm32f407xx.o(.text) for Reset_Handler
    startup_stm32f407xx.o(RESET) refers to stm32f4xx_it.o(i.NMI_Handler) for NMI_Handler
    startup_stm32f407xx.o(RESET) refers to stm32f4xx_it.o(i.HardFault_Handler) for HardFault_Handler
    startup_stm32f407xx.o(RESET) refers to stm32f4xx_it.o(i.MemManage_Handler) for MemManage_Handler
    startup_stm32f407xx.o(RESET) refers to stm32f4xx_it.o(i.BusFault_Handler) for BusFault_Handler
    startup_stm32f407xx.o(RESET) refers to stm32f4xx_it.o(i.UsageFault_Handler) for UsageFault_Handler
    startup_stm32f407xx.o(RESET) refers to stm32f4xx_it.o(i.SVC_Handler) for SVC_Handler
    startup_stm32f407xx.o(RESET) refers to stm32f4xx_it.o(i.DebugMon_Handler) for DebugMon_Handler
    startup_stm32f407xx.o(RESET) refers to stm32f4xx_it.o(i.PendSV_Handler) for PendSV_Handler
    startup_stm32f407xx.o(RESET) refers to stm32f4xx_it.o(i.SysTick_Handler) for SysTick_Handler
    startup_stm32f407xx.o(.text) refers (Special) to heapauxi.o(.text) for __use_two_region_memory
    startup_stm32f407xx.o(.text) refers to system_stm32f4xx.o(i.SystemInit) for SystemInit
    startup_stm32f407xx.o(.text) refers to __main.o(!!!main) for __main
    startup_stm32f407xx.o(.text) refers to startup_stm32f407xx.o(HEAP) for Heap_Mem
    startup_stm32f407xx.o(.text) refers to startup_stm32f407xx.o(STACK) for Stack_Mem
    main.o(i.SystemClock_Config) refers to rt_memclr_w.o(.text) for __aeabi_memclr4
    main.o(i.SystemClock_Config) refers to stm32f4xx_hal_rcc.o(i.HAL_RCC_OscConfig) for HAL_RCC_OscConfig
    main.o(i.SystemClock_Config) refers to stm32f4xx_hal_rcc.o(i.HAL_RCC_ClockConfig) for HAL_RCC_ClockConfig
    main.o(i.main) refers to _printf_percent.o(.ARM.Collect$$_printf_percent$$00000000) for _printf_percent
    main.o(i.main) refers to _printf_s.o(.ARM.Collect$$_printf_percent$$00000014) for _printf_s
    main.o(i.main) refers to _printf_str.o(.text) for _printf_str
    main.o(i.main) refers to _printf_d.o(.ARM.Collect$$_printf_percent$$00000009) for _printf_d
    main.o(i.main) refers to _printf_dec.o(.text) for _printf_int_dec
    main.o(i.main) refers to stm32f4xx_hal.o(i.HAL_Init) for HAL_Init
    main.o(i.main) refers to main.o(i.SystemClock_Config) for SystemClock_Config
    main.o(i.main) refers to gpio.o(i.MX_GPIO_Init) for MX_GPIO_Init
    main.o(i.main) refers to sdio.o(i.MX_SDIO_SD_Init) for MX_SDIO_SD_Init
    main.o(i.main) refers to fatfs.o(i.MX_FATFS_Init) for MX_FATFS_Init
    main.o(i.main) refers to usart.o(i.MX_USART1_UART_Init) for MX_USART1_UART_Init
    main.o(i.main) refers to stm32f4xx_hal_sd.o(i.HAL_SD_Init) for HAL_SD_Init
    main.o(i.main) refers to stm32f4xx_hal_sd.o(i.HAL_SD_ConfigWideBusOperation) for HAL_SD_ConfigWideBusOperation
    main.o(i.main) refers to noretval__2printf.o(.text) for __2printf
    main.o(i.main) refers to rt_memcpy_w.o(.text) for __aeabi_memcpy4
    main.o(i.main) refers to ff.o(i.f_mount) for f_mount
    main.o(i.main) refers to ff.o(i.f_open) for f_open
    main.o(i.main) refers to ff.o(i.f_write) for f_write
    main.o(i.main) refers to ff.o(i.f_close) for f_close
    main.o(i.main) refers to ff.o(i.f_read) for f_read
    main.o(i.main) refers to noretval__2sprintf.o(.text) for __2sprintf
    main.o(i.main) refers to strlen.o(.text) for strlen
    main.o(i.main) refers to ff.o(i.f_sync) for f_sync
    main.o(i.main) refers to stm32f4xx_hal_gpio.o(i.HAL_GPIO_ReadPin) for HAL_GPIO_ReadPin
    main.o(i.main) refers to stm32f4xx_hal.o(i.HAL_Delay) for HAL_Delay
    main.o(i.main) refers to sdio.o(i.SDCard_ShowInfo) for SDCard_ShowInfo
    main.o(i.main) refers to sdio.o(i.SDCard_EraseBlocks) for SDCard_EraseBlocks
    main.o(i.main) refers to sdio.o(i.SDCard_TestWrite) for SDCard_TestWrite
    main.o(i.main) refers to sdio.o(i.SDCard_TestRead) for SDCard_TestRead
    main.o(i.main) refers to sdio.o(.bss) for hsd
    main.o(i.main) refers to fatfs.o(.data) for SDPath
    main.o(i.main) refers to fatfs.o(.bss) for SDFatFS
    main.o(i.main) refers to fatfs.o(.bss) for SDFile
    main.o(i.main) refers to main.o(.data) for .data
    gpio.o(i.MX_GPIO_Init) refers to rt_memclr_w.o(.text) for __aeabi_memclr4
    gpio.o(i.MX_GPIO_Init) refers to stm32f4xx_hal_gpio.o(i.HAL_GPIO_Init) for HAL_GPIO_Init
[...]
    i.HAL_RCC_GetPCLK1Freq                   0x08000d10   Section        0  stm32f4xx_hal_rcc.o(i.HAL_RCC_GetPCLK1Freq)
    i.HAL_RCC_GetPCLK2Freq                   0x08000d30   Section        0  stm32f4xx_hal_rcc.o(i.HAL_RCC_GetPCLK2Freq)
    i.HAL_RCC_GetSysClockFreq                0x08000d50   Section        0  stm32f4xx_hal_rcc.o(i.HAL_RCC_GetSysClockFreq)
    i.HAL_RCC_OscConfig                      0x08000db0   Section        0  stm32f4xx_hal_rcc.o(i.HAL_RCC_OscConfig)
    i.HAL_SD_ConfigWideBusOperation          0x0800111c   Section        0  stm32f4xx_hal_sd.o(i.HAL_SD_ConfigWideBusOperation)
    i.HAL_SD_Erase                           0x08001234   Section        0  stm32f4xx_hal_sd.o(i.HAL_SD_Erase)
    i.HAL_SD_GetCardCSD                      0x080012f8   Section        0  stm32f4xx_hal_sd.o(i.HAL_SD_GetCardCSD)
    i.HAL_SD_GetCardInfo                     0x08001490   Section        0  stm32f4xx_hal_sd.o(i.HAL_SD_GetCardInfo)
    i.HAL_SD_GetCardState                    0x080014b4   Section        0  stm32f4xx_hal_sd.o(i.HAL_SD_GetCardState)
    i.HAL_SD_Init                            0x080014e0   Section        0  stm32f4xx_hal_sd.o(i.HAL_SD_Init)
    i.HAL_SD_InitCard                        0x08001518   Section        0  stm32f4xx_hal_sd.o(i.HAL_SD_InitCard)
    i.HAL_SD_MspInit                         0x08001594   Section        0  sdio.o(i.HAL_SD_MspInit)
    i.HAL_SD_ReadBlocks                      0x08001628   Section        0  stm32f4xx_hal_sd.o(i.HAL_SD_ReadBlocks)
    i.HAL_SD_WriteBlocks                     0x08001808   Section        0  stm32f4xx_hal_sd.o(i.HAL_SD_WriteBlocks)
    i.HAL_SYSTICK_Config                     0x080019b8   Section        0  stm32f4xx_hal_cortex.o(i.HAL_SYSTICK_Config)
    i.HAL_UART_Init                          0x080019e0   Section        0  stm32f4xx_hal_uart.o(i.HAL_UART_Init)
    i.HAL_UART_MspInit                       0x08001a44   Section        0  usart.o(i.HAL_UART_MspInit)
    i.HardFault_Handler                      0x08001ab0   Section        0  stm32f4xx_it.o(i.HardFault_Handler)
    i.MX_FATFS_Init                          0x08001ab4   Section        0  fatfs.o(i.MX_FATFS_Init)
    i.MX_GPIO_Init                           0x08001ad0   Section        0  gpio.o(i.MX_GPIO_Init)
    i.MX_SDIO_SD_Init                        0x08001b54   Section        0  sdio.o(i.MX_SDIO_SD_Init)
    i.MX_USART1_UART_Init                    0x08001b74   Section        0  usart.o(i.MX_USART1_UART_Init)
    i.MemManage_Handler                      0x08001bac   Section        0  stm32f4xx_it.o(i.MemManage_Handler)
    i.NMI_Handler                            0x08001bae   Section        0  stm32f4xx_it.o(i.NMI_Handler)
    i.PendSV_Handler                         0x08001bb0   Section        0  stm32f4xx_it.o(i.PendSV_Handler)
    i.SDCard_EraseBlocks                     0x08001bb4   Section        0  sdio.o(i.SDCard_EraseBlocks)
    i.SDCard_ShowInfo                        0x08001c88   Section        0  sdio.o(i.SDCard_ShowInfo)
    i.SDCard_TestRead                        0x08001e10   Section        0  sdio.o(i.SDCard_TestRead)
    i.SDCard_TestWrite                       0x08001f18   Section        0  sdio.o(i.SDCard_TestWrite)
    i.SDIO_ConfigData                        0x08002078   Section        0  stm32f4xx_ll_sdmmc.o(i.SDIO_ConfigData)
    i.SDIO_GetPowerState                     0x0800209c   Section        0  stm32f4xx_ll_sdmmc.o(i.SDIO_GetPowerState)
    i.SDIO_GetResponse                       0x080020a4   Section        0  stm32f4xx_ll_sdmmc.o(i.SDIO_GetResponse)
    i.SDIO_Init                              0x080020aa   Section        0  stm32f4xx_ll_sdmmc.o(i.SDIO_Init)
    i.SDIO_PowerState_ON                     0x080020ce   Section        0  stm32f4xx_ll_sdmmc.o(i.SDIO_PowerState_ON)
    i.SDIO_ReadFIFO                          0x080020d6   Section        0  stm32f4xx_ll_sdmmc.o(i.SDIO_ReadFIFO)
    i.SDIO_SendCommand                       0x080020dc   Section        0  stm32f4xx_ll_sdmmc.o(i.SDIO_SendCommand)
    i.SDIO_WriteFIFO                         0x080020fc   Section        0  stm32f4xx_ll_sdmmc.o(i.SDIO_WriteFIFO)
    i.SDMMC_CmdAppCommand                    0x08002106   Section        0  stm32f4xx_ll_sdmmc.o(i.SDMMC_CmdAppCommand)
    i.SDMMC_CmdAppOperCommand                0x08002138   Section        0  stm32f4xx_ll_sdmmc.o(i.SDMMC_CmdAppOperCommand)
    i.SDMMC_CmdBlockLength                   0x0800216c   Section        0  stm32f4xx_ll_sdmmc.o(i.SDMMC_CmdBlockLength)
    i.SDMMC_CmdBusWidth                      0x0800219e   Section        0  stm32f4xx_ll_sdmmc.o(i.SDMMC_CmdBusWidth)
    i.SDMMC_CmdErase                         0x080021d0   Section        0  stm32f4xx_ll_sdmmc.o(i.SDMMC_CmdErase)
    i.SDMMC_CmdGoIdleState                   0x08002200   Section        0  stm32f4xx_ll_sdmmc.o(i.SDMMC_CmdGoIdleState)
    i.SDMMC_CmdOperCond                      0x08002250   Section        0  stm32f4xx_ll_sdmmc.o(i.SDMMC_CmdOperCond)
    i.SDMMC_CmdReadMultiBlock                0x08002280   Section        0  stm32f4xx_ll_sdmmc.o(i.SDMMC_CmdReadMultiBlock)
    i.SDMMC_CmdReadSingleBlock               0x080022b2   Section        0  stm32f4xx_ll_sdmmc.o(i.SDMMC_CmdReadSingleBlock)
    i.SDMMC_CmdSDEraseEndAdd                 0x080022e4   Section        0  stm32f4xx_ll_sdmmc.o(i.SDMMC_CmdSDEraseEndAdd)
    i.SDMMC_CmdSDEraseStartAdd               0x08002316   Section        0  stm32f4xx_ll_sdmmc.o(i.SDMMC_CmdSDEraseStartAdd)
    i.SDMMC_CmdSelDesel                      0x08002348   Section        0  stm32f4xx_ll_sdmmc.o(i.SDMMC_CmdSelDesel)
    i.SDMMC_CmdSendCID                       0x0800237a   Section        0  stm32f4xx_ll_sdmmc.o(i.SDMMC_CmdSendCID)
    i.SDMMC_CmdSendCSD                       0x080023a6   Section        0  stm32f4xx_ll_sdmmc.o(i.SDMMC_CmdSendCSD)
    i.SDMMC_CmdSendSCR                       0x080023d2   Section        0  stm32f4xx_ll_sdmmc.o(i.SDMMC_CmdSendSCR)
    i.SDMMC_CmdSendStatus                    0x08002402   Section        0  stm32f4xx_ll_sdmmc.o(i.SDMMC_CmdSendStatus)
    i.SDMMC_CmdSetRelAdd                     0x08002434   Section        0  stm32f4xx_ll_sdmmc.o(i.SDMMC_CmdSetRelAdd)
    i.SDMMC_CmdStopTransfer                  0x08002464   Section        0  stm32f4xx_ll_sdmmc.o(i.SDMMC_CmdStopTransfer)
    i.SDMMC_CmdWriteMultiBlock               0x08002498   Section        0  stm32f4xx_ll_sdmmc.o(i.SDMMC_CmdWriteMultiBlock)
    i.SDMMC_CmdWriteSingleBlock              0x080024ca   Section        0  stm32f4xx_ll_sdmmc.o(i.SDMMC_CmdWriteSingleBlock)
    i.SDMMC_GetCmdResp1                      0x080024fc   Section        0  stm32f4xx_ll_sdmmc.o(i.SDMMC_GetCmdResp1)
    i.SDMMC_GetCmdResp2                      0x0800261c   Section        0  stm32f4xx_ll_sdmmc.o(i.SDMMC_GetCmdResp2)
    i.SDMMC_GetCmdResp3                      0x0800266c   Section        0  stm32f4xx_ll_sdmmc.o(i.SDMMC_GetCmdResp3)
    i.SDMMC_GetCmdResp6                      0x080026b0   Section        0  stm32f4xx_ll_sdmmc.o(i.SDMMC_GetCmdResp6)
    i.SDMMC_GetCmdResp7                      0x08002738   Section        0  stm32f4xx_ll_sdmmc.o(i.SDMMC_GetCmdResp7)
    i.SD_CheckStatus                         0x08002790   Section        0  sd_diskio.o(i.SD_CheckStatus)
    SD_CheckStatus                           0x08002791   Thumb Code    26  sd_diskio.o(i.SD_CheckStatus)
    i.SD_FindSCR                             0x080027b0   Section        0  stm32f4xx_hal_sd.o(i.SD_FindSCR)
    SD_FindSCR                               0x080027b1   Thumb Code   224  stm32f4xx_hal_sd.o(i.SD_FindSCR)
    i.SD_InitCard                            0x08002890   Section        0  stm32f4xx_hal_sd.o(i.SD_InitCard)
    SD_InitCard                              0x08002891   Thumb Code   238  stm32f4xx_hal_sd.o(i.SD_InitCard)
    i.SD_PowerON                             0x08002980   Section        0  stm32f4xx_hal_sd.o(i.SD_PowerON)
    SD_PowerON                               0x08002981   Thumb Code   174  stm32f4xx_hal_sd.o(i.SD_PowerON)
    i.SD_initialize                          0x08002a34   Section        0  sd_diskio.o(i.SD_initialize)
    i.SD_ioctl                               0x08002a54   Section        0  sd_diskio.o(i.SD_ioctl)
    i.SD_read                                0x08002aa4   Section        0  sd_diskio.o(i.SD_read)
    i.SD_status                              0x08002aca   Section        0  sd_diskio.o(i.SD_status)
    i.SD_write                               0x08002ad0   Section        0  sd_diskio.o(i.SD_write)
    i.SVC_Handler                            0x08002af6   Section        0  stm32f4xx_it.o(i.SVC_Handler)
    i.SysTick_Handler                        0x08002af8   Section        0  stm32f4xx_it.o(i.SysTick_Handler)
    i.SystemClock_Config                     0x08002afc   Section        0  main.o(i.SystemClock_Config)
    i.SystemInit                             0x08002b90   Section        0  system_stm32f4xx.o(i.SystemInit)
    i.UART_SetConfig                         0x08002ba0   Section        0  stm32f4xx_hal_uart.o(i.UART_SetConfig)
    UART_SetConfig                           0x08002ba1   Thumb Code   258  stm32f4xx_hal_uart.o(i.UART_SetConfig)
    i.UsageFault_Handler                     0x08002cac   Section        0  stm32f4xx_it.o(i.UsageFault_Handler)
    i.__NVIC_SetPriority                     0x08002cae   Section        0  stm32f4xx_hal_cortex.o(i.__NVIC_SetPriority)
    __NVIC_SetPriority                       0x08002caf   Thumb Code    32  stm32f4xx_hal_cortex.o(i.__NVIC_SetPriority)
    i._sys_exit                              0x08002cce   Section        0  usart.o(i._sys_exit)
    i.check_fs                               0x08002cd0   Section        0  ff.o(i.check_fs)
    check_fs                                 0x08002cd1   Thumb Code   102  ff.o(i.check_fs)
    i.chk_chr                                0x08002d40   Section        0  ff.o(i.chk_chr)
    chk_chr                                  0x08002d41   Thumb Code    16  ff.o(i.chk_chr)
    i.chk_lock                               0x08002d50   Section        0  ff.o(i.chk_lock)
    chk_lock                                 0x08002d51   Thumb Code    86  ff.o(i.chk_lock)
    i.clear_lock                             0x08002dac   Section        0  ff.o(i.clear_lock)
    clear_lock                               0x08002dad   Thumb Code    28  ff.o(i.clear_lock)
    i.clmt_clust                             0x08002dcc   Section        0  ff.o(i.clmt_clust)
    clmt_clust                               0x08002dcd   Thumb Code    36  ff.o(i.clmt_clust)
    i.clust2sect                             0x08002df0   Section        0  ff.o(i.clust2sect)
    clust2sect                               0x08002df1   Thumb Code    24  ff.o(i.clust2sect)
    i.cmp_lfn                                0x08002e08   Section        0  ff.o(i.cmp_lfn)
    cmp_lfn                                  0x08002e09   Thumb Code   124  ff.o(i.cmp_lfn)
    i.create_chain                           0x08002e88   Section        0  ff.o(i.create_chain)
    create_chain                             0x08002e89   Thumb Code   164  ff.o(i.create_chain)
    i.create_name                            0x08002f2c   Section        0  ff.o(i.create_name)
    create_name                              0x08002f2d   Thumb Code   494  ff.o(i.create_name)
    i.dec_lock                               0x08003134   Section        0  ff.o(i.dec_lock)
    dec_lock                                 0x08003135   Thumb Code    48  ff.o(i.dec_lock)
    i.dir_find                               0x08003168   Section        0  ff.o(i.dir_find)
    dir_find                                 0x08003169   Thumb Code   208  ff.o(i.dir_find)
    i.dir_next                               0x08003238   Section        0  ff.o(i.dir_next)
    dir_next                                 0x08003239   Thumb Code   244  ff.o(i.dir_next)
    i.dir_register                           0x0800332c   Section        0  ff.o(i.dir_register)
    dir_register                             0x0800332d   Thumb Code   480  ff.o(i.dir_register)
    i.dir_sdi                                0x08003510   Section        0  ff.o(i.dir_sdi)
    dir_sdi                                  0x08003511   Thumb Code   130  ff.o(i.dir_sdi)
    i.disk_initialize                        0x08003594   Section        0  diskio.o(i.disk_initialize)
    i.disk_ioctl                             0x080035c0   Section        0  diskio.o(i.disk_ioctl)
    i.disk_read                              0x080035dc   Section        0  diskio.o(i.disk_read)
    i.disk_status                            0x080035f8   Section        0  diskio.o(i.disk_status)
    i.disk_write                             0x08003610   Section        0  diskio.o(i.disk_write)
    i.f_close                                0x0800362c   Section        0  ff.o(i.f_close)
    i.f_mount                                0x08003654   Section        0  ff.o(i.f_mount)
    i.f_open                                 0x080036ac   Section        0  ff.o(i.f_open)
    i.f_read                                 0x080038bc   Section        0  ff.o(i.f_read)
    i.f_sync                                 0x08003a0e   Section        0  ff.o(i.f_sync)
    i.f_write                                0x08003a9c   Section        0  ff.o(i.f_write)
    i.ff_convert                             0x08003c2c   Section        0  ccsbcs.o(i.ff_convert)
    i.ff_wtoupper                            0x08003c64   Section        0  ccsbcs.o(i.ff_wtoupper)
    i.find_volume                            0x08003ce4   Section        0  ff.o(i.find_volume)
    find_volume                              0x08003ce5   Thumb Code   582  ff.o(i.find_volume)
    i.follow_path                            0x08003f38   Section        0  ff.o(i.follow_path)
    follow_path                              0x08003f39   Thumb Code   116  ff.o(i.follow_path)
    i.fputc                                  0x08003fac   Section        0  usart.o(i.fputc)
    i.gen_numname                            0x08003fc0   Section        0  ff.o(i.gen_numname)
    gen_numname                              0x08003fc1   Thumb Code   122  ff.o(i.gen_numname)
    i.get_fat                                0x08004040   Section        0  ff.o(i.get_fat)
    get_fat                                  0x08004041   Thumb Code   190  ff.o(i.get_fat)
    i.get_fattime                            0x080040fe   Section        0  fatfs.o(i.get_fattime)
    i.get_ldnumber                           0x08004102   Section        0  ff.o(i.get_ldnumber)
    get_ldnumber                             0x08004103   Thumb Code    60  ff.o(i.get_ldnumber)
    i.inc_lock                               0x08004140   Section        0  ff.o(i.inc_lock)
    inc_lock                                 0x08004141   Thumb Code   124  ff.o(i.inc_lock)
    i.ld_clust                               0x080041c0   Section        0  ff.o(i.ld_clust)
    ld_clust                                 0x080041c1   Thumb Code    38  ff.o(i.ld_clust)
    i.ld_dword                               0x080041e6   Section        0  ff.o(i.ld_dword)
    ld_dword                                 0x080041e7   Thumb Code    22  ff.o(i.ld_dword)
    i.ld_word                                0x080041fc   Section        0  ff.o(i.ld_word)
    ld_word                                  0x080041fd   Thumb Code    10  ff.o(i.ld_word)
    i.main                                   0x08004208   Section        0  main.o(i.main)
    i.mem_cpy                                0x08004658   Section        0  ff.o(i.mem_cpy)
    mem_cpy                                  0x08004659   Thumb Code    18  ff.o(i.mem_cpy)
    i.mem_set                                0x0800466c   Section        0  ff.o(i.mem_set)
    mem_set                                  0x0800466d   Thumb Code    14  ff.o(i.mem_set)
    i.move_window                            0x0800467a   Section        0  ff.o(i.move_window)
    move_window                              0x0800467b   Thumb Code    50  ff.o(i.move_window)
    i.put_fat                                0x080046ac   Section        0  ff.o(i.put_fat)
    put_fat                                  0x080046ad   Thumb Code   234  ff.o(i.put_fat)
    i.remove_chain                           0x08004796   Section        0  ff.o(i.remove_chain)
    remove_chain                             0x08004797   Thumb Code   116  ff.o(i.remove_chain)
    i.st_clust                               0x0800480a   Section        0  ff.o(i.st_clust)
    st_clust                                 0x0800480b   Thumb Code    40  ff.o(i.st_clust)
    i.st_dword                               0x08004832   Section        0  ff.o(i.st_dword)
    st_dword                                 0x08004833   Thumb Code    16  ff.o(i.st_dword)
    i.st_word                                0x08004842   Section        0  ff.o(i.st_word)
    st_word                                  0x08004843   Thumb Code     8  ff.o(i.st_word)
    i.sum_sfn                                0x0800484a   Section        0  ff.o(i.sum_sfn)
    sum_sfn                                  0x0800484b   Thumb Code    26  ff.o(i.sum_sfn)
    i.sync_fs                                0x08004864   Section        0  ff.o(i.sync_fs)
    sync_fs                                  0x08004865   Thumb Code   126  ff.o(i.sync_fs)
    i.sync_window                            0x080048ec   Section        0  ff.o(i.sync_window)
    sync_window                              0x080048ed   Thumb Code    82  ff.o(i.sync_window)
    i.validate                               0x0800493e   Section        0  ff.o(i.validate)
    validate                                 0x0800493f   Thumb Code    52  ff.o(i.validate)
    x$fpl$fpinit                             0x08004972   Section       10  fpinit.o(x$fpl$fpinit)
    $v0                                      0x08004972   Number         0  fpinit.o(x$fpl$fpinit)
    .constdata                               0x0800497c   Section      512  sdio.o(.constdata)
    .constdata                               0x08004b7c   Section       20  sd_diskio.o(.constdata)
    .constdata                               0x08004b90   Section       16  system_stm32f4xx.o(.constdata)
    .constdata                               0x08004ba0   Section        8  system_stm32f4xx.o(.constdata)
    .constdata                               0x08004ba8   Section      170  ff.o(.constdata)
    ExCvt                                    0x08004ba8   Data         128  ff.o(.constdata)
    LfnOfs                                   0x08004c28   Data          13  ff.o(.constdata)
    cst                                      0x08004c36   Data          14  ff.o(.constdata)
    cst32                                    0x08004c44   Data          14  ff.o(.constdata)
    .constdata                               0x08004c52   Section      942  ccsbcs.o(.constdata)
    Tbl                                      0x08004c52   Data         256  ccsbcs.o(.constdata)
    cvt1                                     0x08004d52   Data         498  ccsbcs.o(.constdata)
    cvt2                                     0x08004f44   Data         188  ccsbcs.o(.constdata)
    .data                                    0x20000000   Section        1  main.o(.data)
    .data                                    0x20000004   Section        4  usart.o(.data)
    .data                                    0x20000008   Section        1  sd_diskio.o(.data)
    Stat                                     0x20000008   Data           1  sd_diskio.o(.data)
    .data                                    0x20000009   Section        5  fatfs.o(.data)
    .data                                    0x20000010   Section       12  stm32f4xx_hal.o(.data)
    .data                                    0x2000001c   Section        4  system_stm32f4xx.o(.data)
    .data                                    0x20000020   Section        8  ff.o(.data)
    Fsid                                     0x20000020   Data           2  ff.o(.data)
    FatFs                                    0x20000024   Data           4  ff.o(.data)
    .bss                                     0x20000028   Section      132  sdio.o(.bss)
    .bss                                     0x200000ac   Section       72  usart.o(.bss)
    .bss                                     0x200000f4   Section      564  fatfs.o(.bss)
    .bss                                     0x20000328   Section      560  fatfs.o(.bss)
    .bss                                     0x20000558   Section       32  ff.o(.bss)
    Files                                    0x20000558   Data          32  ff.o(.bss)
    .bss                                     0x20000578   Section       12  ff_gen_drv.o(.bss)
    .bss                                     0x20000584   Section       96  libspace.o(.bss)
    HEAP                                     0x200005e8   Section      512  startup_stm32f407xx.o(HEAP)
    Heap_Mem                                 0x200005e8   Data         512  startup_stm32f407xx.o(HEAP)
    STACK                                    0x200007e8   Section     4096  startup_stm32f407xx.o(STACK)
    Stack_Mem                                0x200007e8   Data        4096  startup_stm32f407xx.o(STACK)
    __initial_sp                             0x200017e8   Data           0  startup_stm32f407xx.o(STACK)

    Global Symbols

    Symbol Name                              Value     Ov Type        Size  Object(Section)

    BuildAttributes$$THM_ISAv4$E$P$D$K$B$S$7EM$VFPi3$EXTD16$VFPS$VFMA$PE$A:L22UL41UL21$X:L11$S22US41US21$IEEE1$IW$USESV6$~STKCKD$USESV7$~SHL$OSPACE$ROPI$EBA8$UX$STANDARDLIB$REQ8$PRES8$EABIv2 0x00000000   Number         0  anon$$obj.o ABSOLUTE
    __ARM_use_no_argv                        0x00000000   Number         0  main.o ABSOLUTE
    __ARM_exceptions_init                     - Undefined Weak Reference
    __alloca_initialize                       - Undefined Weak Reference
    __arm_fini_                               - Undefined Weak Reference
    __arm_preinit_                            - Undefined Weak Reference
    __cpp_initialize__aeabi_                  - Undefined Weak Reference
    __cxa_finalize                            - Undefined Weak Reference
    __rt_locale                               - Undefined Weak Reference
    __sigvec_lookup                           - Undefined Weak Reference
    _atexit_init                              - Undefined Weak Reference
    _call_atexit_fns                          - Undefined Weak Reference
    _clock_init                               - Undefined Weak Reference
    _fp_trap_init                             - Undefined Weak Reference
    _fp_trap_shutdown                         - Undefined Weak Reference
    _get_lc_collate                           - Undefined Weak Reference
    _get_lc_ctype                             - Undefined Weak Reference
    _get_lc_monetary                          - Undefined Weak Reference
    _get_lc_numeric                           - Undefined Weak Reference
    _get_lc_time                              - Undefined Weak Reference
    _getenv_init                              - Undefined Weak Reference
    _handle_redirection                       - Undefined Weak Reference
    _init_alloc                               - Undefined Weak Reference
    _init_user_alloc                          - Undefined Weak Reference
    _initio                                   - Undefined Weak Reference
    _mutex_acquire                            - Undefined Weak Reference
    _mutex_release                            - Undefined Weak Reference
    _printf_mbtowc                            - Undefined Weak Reference
    _printf_post_padding                      - Undefined Weak Reference
    _printf_pre_padding                       - Undefined Weak Reference
    _printf_truncate_signed                   - Undefined Weak Reference
    _printf_truncate_unsigned                 - Undefined Weak Reference
    _rand_init                                - Undefined Weak Reference
    _signal_finish                            - Undefined Weak Reference
    _signal_init                              - Undefined Weak Reference
    _terminate_alloc                          - Undefined Weak Reference
    _terminate_user_alloc                     - Undefined Weak Reference
    _terminateio                              - Undefined Weak Reference
    __Vectors_Size                           0x00000188   Number         0  startup_stm32f407xx.o ABSOLUTE
    __Vectors                                0x08000000   Data           4  startup_stm32f407xx.o(RESET)
    __Vectors_End                            0x08000188   Data           0  startup_stm32f407xx.o(RESET)
    __main                                   0x08000189   Thumb Code     8  __main.o(!!!main)
    __scatterload                            0x08000191   Thumb Code     0  __scatter.o(!!!scatter)
    __scatterload_rt2                        0x08000191   Thumb Code    44  __scatter.o(!!!scatter)
    __scatterload_rt2_thumb_only             0x08000191   Thumb Code     0  __scatter.o(!!!scatter)
    __scatterload_null                       0x0800019f   Thumb Code     0  __scatter.o(!!!scatter)
    __scatterload_copy                       0x080001c5   Thumb Code    26  __scatter_copy.o(!!handler_copy)
    __scatterload_zeroinit                   0x080001e1   Thumb Code    28  __scatter_zi.o(!!handler_zi)
    _printf_d                                0x080001fd   Thumb Code     0  _printf_d.o(.ARM.Collect$$_printf_percent$$00000009)
    _printf_percent                          0x080001fd   Thumb Code     0  _printf_percent.o(.ARM.Collect$$_printf_percent$$00000000)
    _printf_s                                0x08000203   Thumb Code     0  _printf_s.o(.ARM.Collect$$_printf_percent$$00000014)
    _printf_percent_end                      0x08000209   Thumb Code     0  _printf_percent_end.o(.ARM.Collect$$_printf_percent$$00000017)
    __rt_lib_init                            0x0800020d   Thumb Code     0  libinit.o(.ARM.Collect$$libinit$$00000000)
    __rt_lib_init_fp_1                       0x0800020f   Thumb Code     0  libinit2.o(.ARM.Collect$$libinit$$00000001)
    __rt_lib_init_alloca_1                   0x08000213   Thumb Code     0  libinit2.o(.ARM.Collect$$libinit$$0000002E)
    __rt_lib_init_argv_1                     0x08000213   Thumb Code     0  libinit2.o(.ARM.Collect$$libinit$$0000002C)
    __rt_lib_init_atexit_1                   0x08000213   Thumb Code     0  libinit2.o(.ARM.Collect$$libinit$$0000001B)
    __rt_lib_init_clock_1                    0x08000213   Thumb Code     0  libinit2.o(.ARM.Collect$$libinit$$00000021)
    __rt_lib_init_cpp_1                      0x08000213   Thumb Code     0  libinit2.o(.ARM.Collect$$libinit$$00000032)
    __rt_lib_init_exceptions_1               0x08000213   Thumb Code     0  libinit2.o(.ARM.Collect$$libinit$$00000030)
    __rt_lib_init_fp_trap_1                  0x08000213   Thumb Code     0  libinit2.o(.ARM.Collect$$libinit$$0000001F)
    __rt_lib_init_getenv_1                   0x08000213   Thumb Code     0  libinit2.o(.ARM.Collect$$libinit$$00000023)
    __rt_lib_init_heap_1                     0x08000213   Thumb Code     0  libinit2.o(.ARM.Collect$$libinit$$0000000A)
    __rt_lib_init_lc_collate_1               0x08000213   Thumb Code     0  libinit2.o(.ARM.Collect$$libinit$$00000011)
    __rt_lib_init_lc_ctype_1                 0x08000213   Thumb Code     0  libinit2.o(.ARM.Collect$$libinit$$00000013)
    __rt_lib_init_lc_monetary_1              0x08000213   Thumb Code     0  libinit2.o(.ARM.Collect$$libinit$$00000015)
    __rt_lib_init_lc_numeric_1               0x08000213   Thumb Code     0  libinit2.o(.ARM.Collect$$libinit$$00000017)
    __rt_lib_init_lc_time_1                  0x08000213   Thumb Code     0  libinit2.o(.ARM.Collect$$libinit$$00000019)
    __rt_lib_init_preinit_1                  0x08000213   Thumb Code     0  libinit2.o(.ARM.Collect$$libinit$$00000004)
    __rt_lib_init_rand_1                     0x08000213   Thumb Code     0  libinit2.o(.ARM.Collect$$libinit$$0000000E)
    __rt_lib_init_return                     0x08000213   Thumb Code     0  libinit2.o(.ARM.Collect$$libinit$$00000033)
    __rt_lib_init_signal_1                   0x08000213   Thumb Code     0  libinit2.o(.ARM.Collect$$libinit$$0000001D)
    __rt_lib_init_stdio_1                    0x08000213   Thumb Code     0  libinit2.o(.ARM.Collect$$libinit$$00000025)
    __rt_lib_init_user_alloc_1               0x08000213   Thumb Code     0  libinit2.o(.ARM.Collect$$libinit$$0000000C)
    __rt_lib_shutdown                        0x08000215   Thumb Code     0  libshutdown.o(.ARM.Collect$$libshutdown$$00000000)
    __rt_lib_shutdown_cpp_1                  0x08000217   Thumb Code     0  libshutdown2.o(.ARM.Collect$$libshutdown$$00000004)
    __rt_lib_shutdown_fini_1                 0x08000217   Thumb Code     0  libshutdown2.o(.ARM.Collect$$libshutdown$$00000002)
    __rt_lib_shutdown_fp_trap_1              0x08000217   Thumb Code     0  libshutdown2.o(.ARM.Collect$$libshutdown$$00000009)
    __rt_lib_shutdown_heap_1                 0x08000217   Thumb Code     0  libshutdown2.o(.ARM.Collect$$libshutdown$$00000011)
    __rt_lib_shutdown_return                 0x08000217   Thumb Code     0  libshutdown2.o(.ARM.Collect$$libshutdown$$00000012)
    __rt_lib_shutdown_signal_1               0x08000217   Thumb Code     0  libshutdown2.o(.ARM.Collect$$libshutdown$$0000000C)
    __rt_lib_shutdown_stdio_1                0x08000217   Thumb Code     0  libshutdown2.o(.ARM.Collect$$libshutdown$$00000006)
    __rt_lib_shutdown_user_alloc_1           0x08000217   Thumb Code     0  libshutdown2.o(.ARM.Collect$$libshutdown$$0000000E)
    __rt_entry                               0x08000219   Thumb Code     0  __rtentry.o(.ARM.Collect$$rtentry$$00000000)
    __rt_entry_presh_1                       0x08000219   Thumb Code     0  __rtentry2.o(.ARM.Collect$$rtentry$$00000002)
    __rt_entry_sh                            0x08000219   Thumb Code     0  __rtentry4.o(.ARM.Collect$$rtentry$$00000004)
    __rt_entry_li                            0x0800021f   Thumb Code     0  __rtentry2.o(.ARM.Collect$$rtentry$$0000000A)
    __rt_entry_postsh_1                      0x0800021f   Thumb Code     0  __rtentry2.o(.ARM.Collect$$rtentry$$00000009)
    __rt_entry_main                          0x08000223   Thumb Code     0  __rtentry2.o(.ARM.Collect$$rtentry$$0000000D)
    __rt_entry_postli_1                      0x08000223   Thumb Code     0  __rtentry2.o(.ARM.Collect$$rtentry$$0000000C)
    __rt_exit                                0x0800022b   Thumb Code     0  rtexit.o(.ARM.Collect$$rtexit$$00000000)
    __rt_exit_ls                             0x0800022d   Thumb Code     0  rtexit2.o(.ARM.Collect$$rtexit$$00000003)
    __rt_exit_prels_1                        0x0800022d   Thumb Code     0  rtexit2.o(.ARM.Collect$$rtexit$$00000002)
    __rt_exit_exit                           0x08000231   Thumb Code     0  rtexit2.o(.ARM.Collect$$rtexit$$00000004)
    Reset_Handler                            0x08000239   Thumb Code     8  startup_stm32f407xx.o(.text)
    ADC_IRQHandler                           0x08000253   Thumb Code     0  startup_stm32f407xx.o(.text)
    CAN1_RX0_IRQHandler                      0x08000253   Thumb Code     0  startup_stm32f407xx.o(.text)
    CAN1_RX1_IRQHandler                      0x08000253   Thumb Code     0  startup_stm32f407xx.o(.text)
    CAN1_SCE_IRQHandler                      0x08000253   Thumb Code     0  startup_stm32f407xx.o(.text)
    CAN1_TX_IRQHandler                       0x08000253   Thumb Code     0  startup_stm32f407xx.o(.text)
    CAN2_RX0_IRQHandler                      0x08000253   Thumb Code     0  startup_stm32f407xx.o(.text)
    CAN2_RX1_IRQHandler                      0x08000253   Thumb Code     0  startup_stm32f407xx.o(.text)
    CAN2_SCE_IRQHandler                      0x08000253   Thumb Code     0  startup_stm32f407xx.o(.text)
    CAN2_TX_IRQHandler                       0x08000253   Thumb Code     0  startup_stm32f407xx.o(.text)
    DCMI_IRQHandler                          0x08000253   Thumb Code     0  startup_stm32f407xx.o(.text)
    DMA1_Stream0_IRQHandler                  0x08000253   Thumb Code     0  startup_stm32f407xx.o(.text)
    DMA1_Stream1_IRQHandler                  0x08000253   Thumb Code     0  startup_stm32f407xx.o(.text)
    DMA1_Stream2_IRQHandler                  0x08000253   Thumb Code     0  startup_stm32f407xx.o(.text)
    DMA1_Stream3_IRQHandler                  0x08000253   Thumb Code     0  startup_stm32f407xx.o(.text)
    DMA1_Stream4_IRQHandler                  0x08000253   Thumb Code     0  startup_stm32f407xx.o(.text)
    DMA1_Stream5_IRQHandler                  0x08000253   Thumb Code     0  startup_stm32f407xx.o(.text)
    DMA1_Stream6_IRQHandler                  0x08000253   Thumb Code     0  startup_stm32f407xx.o(.text)
    DMA1_Stream7_IRQHandler                  0x08000253   Thumb Code     0  startup_stm32f407xx.o(.text)
    DMA2_Stream0_IRQHandler                  0x08000253   Thumb Code     0  startup_stm32f407xx.o(.text)
    DMA2_Stream1_IRQHandler                  0x08000253   Thumb Code     0  startup_stm32f407xx.o(.text)
    DMA2_Stream2_IRQHandler                  0x08000253   Thumb Code     0  startup_stm32f407xx.o(.text)
    DMA2_Stream3_IRQHandler                  0x08000253   Thumb Code     0  startup_stm32f407xx.o(.text)
    DMA2_Stream4_IRQHandler                  0x08000253   Thumb Code     0  startup_stm32f407xx.o(.text)
    DMA2_Stream5_IRQHandler                  0x08000253   Thumb Code     0  startup_stm32f407xx.o(.text)
    DMA2_Stream6_IRQHandler                  0x08000253   Thumb Code     0  startup_stm32f407xx.o(.text)
    DMA2_Stream7_IRQHandler                  0x08000253   Thumb Code     0  startup_stm32f407xx.o(.text)
    ETH_IRQHandler                           0x08000253   Thumb Code     0  startup_stm32f407xx.o(.text)
    ETH_WKUP_IRQHandler                      0x08000253   Thumb Code     0  startup_stm32f407xx.o(.text)
    EXTI0_IRQHandler                         0x08000253   Thumb Code     0  startup_stm32f407xx.o(.text)
    EXTI15_10_IRQHandler                     0x08000253   Thumb Code     0  startup_stm32f407xx.o(.text)
    EXTI1_IRQHandler                         0x08000253   Thumb Code     0  startup_stm32f407xx.o(.text)
    EXTI2_IRQHandler                         0x08000253   Thumb Code     0  startup_stm32f407xx.o(.text)
    EXTI3_IRQHandler                         0x08000253   Thumb Code     0  startup_stm32f407xx.o(.text)
    EXTI4_IRQHandler                         0x08000253   Thumb Code     0  startup_stm32f407xx.o(.text)
    EXTI9_5_IRQHandler                       0x08000253   Thumb Code     0  startup_stm32f407xx.o(.text)
    FLASH_IRQHandler                         0x08000253   Thumb Code     0  startup_stm32f407xx.o(.text)
    FMC_IRQHandler                           0x08000253   Thumb Code     0  startup_stm32f407xx.o(.text)
    FPU_IRQHandler                           0x08000253   Thumb Code     0  startup_stm32f407xx.o(.text)
    HASH_RNG_IRQHandler                      0x08000253   Thumb Code     0  startup_stm32f407xx.o(.text)
    I2C1_ER_IRQHandler                       0x08000253   Thumb Code     0  startup_stm32f407xx.o(.text)
    I2C1_EV_IRQHandler                       0x08000253   Thumb Code     0  startup_stm32f407xx.o(.text)
    I2C2_ER_IRQHandler                       0x08000253   Thumb Code     0  startup_stm32f407xx.o(.text)
    I2C2_EV_IRQHandler                       0x08000253   Thumb Code     0  startup_stm32f407xx.o(.text)
    I2C3_ER_IRQHandler                       0x08000253   Thumb Code     0  startup_stm32f407xx.o(.text)
    I2C3_EV_IRQHandler                       0x08000253   Thumb Code     0  startup_stm32f407xx.o(.text)
    OTG_FS_IRQHandler                        0x08000253   Thumb Code     0  startup_stm32f407xx.o(.text)
    OTG_FS_WKUP_IRQHandler                   0x08000253   Thumb Code     0  startup_stm32f407xx.o(.text)
    OTG_HS_EP1_IN_IRQHandler                 0x08000253   Thumb Code     0  startup_stm32f407xx.o(.text)
    OTG_HS_EP1_OUT_IRQHandler                0x08000253   Thumb Code     0  startup_stm32f407xx.o(.text)
    OTG_HS_IRQHandler                        0x08000253   Thumb Code     0  startup_stm32f407xx.o(.text)
    OTG_HS_WKUP_IRQHandler                   0x08000253   Thumb Code     0  startup_stm32f407xx.o(.text)
    PVD_IRQHandler                           0x08000253   Thumb Code     0  startup_stm32f407xx.o(.text)
    RCC_IRQHandler                           0x08000253   Thumb Code     0  startup_stm32f407xx.o(.text)
    RTC_Alarm_IRQHandler                     0x08000253   Thumb Code     0  startup_stm32f407xx.o(.text)
    RTC_WKUP_IRQHandler                      0x08000253   Thumb Code     0  startup_stm32f407xx.o(.text)
    SDIO_IRQHandler                          0x08000253   Thumb Code     0  startup_stm32f407xx.o(.text)
    SPI1_IRQHandler                          0x08000253   Thumb Code     0  startup_stm32f407xx.o(.text)
    SPI2_IRQHandler                          0x08000253   Thumb Code     0  startup_stm32f407xx.o(.text)
    SPI3_IRQHandler                          0x08000253   Thumb Code     0  startup_stm32f407xx.o(.text)
    TAMP_STAMP_IRQHandler                    0x08000253   Thumb Code     0  startup_stm32f407xx.o(.text)
    TIM1_BRK_TIM9_IRQHandler                 0x08000253   Thumb Code     0  startup_stm32f407xx.o(.text)
    TIM1_CC_IRQHandler                       0x08000253   Thumb Code     0  startup_stm32f407xx.o(.text)
    TIM1_TRG_COM_TIM11_IRQHandler            0x08000253   Thumb Code     0  startup_stm32f407xx.o(.text)
    TIM1_UP_TIM10_IRQHandler                 0x08000253   Thumb Code     0  startup_stm32f407xx.o(.text)
    TIM2_IRQHandler                          0x08000253   Thumb Code     0  startup_stm32f407xx.o(.text)
    TIM3_IRQHandler                          0x08000253   Thumb Code     0  startup_stm32f407xx.o(.text)
    TIM4_IRQHandler                          0x08000253   Thumb Code     0  startup_stm32f407xx.o(.text)
    TIM5_IRQHandler                          0x08000253   Thumb Code     0  startup_stm32f407xx.o(.text)
    TIM6_DAC_IRQHandler                      0x08000253   Thumb Code     0  startup_stm32f407xx.o(.text)
    TIM7_IRQHandler                          0x08000253   Thumb Code     0  startup_stm32f407xx.o(.text)
    TIM8_BRK_TIM12_IRQHandler                0x08000253   Thumb Code     0  startup_stm32f407xx.o(.text)
    TIM8_CC_IRQHandler                       0x08000253   Thumb Code     0  startup_stm32f407xx.o(.text)
    TIM8_TRG_COM_TIM14_IRQHandler            0x08000253   Thumb Code     0  startup_stm32f407xx.o(.text)
    TIM8_UP_TIM13_IRQHandler                 0x08000253   Thumb Code     0  startup_stm32f407xx.o(.text)
    UART4_IRQHandler                         0x08000253   Thumb Code     0  startup_stm32f407xx.o(.text)
    UART5_IRQHandler                         0x08000253   Thumb Code     0  startup_stm32f407xx.o(.text)
    USART1_IRQHandler                        0x08000253   Thumb Code     0  startup_stm32f407xx.o(.text)
    USART2_IRQHandler                        0x08000253   Thumb Code     0  startup_stm32f407xx.o(.text)
    USART3_IRQHandler                        0x08000253   Thumb Code     0  startup_stm32f407xx.o(.text)
    USART6_IRQHandler                        0x08000253   Thumb Code     0  startup_stm32f407xx.o(.text)
    WWDG_IRQHandler                          0x08000253   Thumb Code     0  startup_stm32f407xx.o(.text)
    __user_initial_stackheap                 0x08000255   Thumb Code     0  startup_stm32f407xx.o(.text)
    __use_no_semihosting                     0x08000279   Thumb Code     2  use_no_semi_2.o(.text)
    __aeabi_uldivmod                         0x0800027b   Thumb Code     0  lludivv7m.o(.text)
    _ll_udiv                                 0x0800027b   Thumb Code   238  lludivv7m.o(.text)
    __2printf                                0x08000369   Thumb Code    20  noretval__2printf.o(.text)
    __2sprintf                               0x08000381   Thumb Code    34  noretval__2sprintf.o(.text)
    __printf                                 0x080003a9   Thumb Code   104  __printf.o(.text)
    _printf_str                              0x08000411   Thumb Code    82  _printf_str.o(.text)
    _printf_int_dec                          0x08000465   Thumb Code   104  _printf_dec.o(.text)
    strlen                                   0x080004dd   Thumb Code    62  strlen.o(.text)
    __aeabi_memcpy4                          0x0800051b   Thumb Code     0  rt_memcpy_w.o(.text)
    __aeabi_memcpy8                          0x0800051b   Thumb Code     0  rt_memcpy_w.o(.text)
    __rt_memcpy_w                            0x0800051b   Thumb Code   100  rt_memcpy_w.o(.text)
    _memcpy_lastbytes_aligned                0x08000563   Thumb Code     0  rt_memcpy_w.o(.text)
    __aeabi_memclr4                          0x0800057f   Thumb Code     0  rt_memclr_w.o(.text)
    __aeabi_memclr8                          0x0800057f   Thumb Code     0  rt_memclr_w.o(.text)
    __rt_memclr_w                            0x0800057f   Thumb Code    78  rt_memclr_w.o(.text)
    _memset_w                                0x08000583   Thumb Code     0  rt_memclr_w.o(.text)
    __use_two_region_memory                  0x080005cd   Thumb Code     2  heapauxi.o(.text)
    __rt_heap_escrow$2region                 0x080005cf   Thumb Code     2  heapauxi.o(.text)
    __rt_heap_expand$2region                 0x080005d1   Thumb Code     2  heapauxi.o(.text)
    __semihosting$guard                      0x080005d3   Thumb Code     0  use_no_semi.o(.text)
    __use_no_semihosting_swi                 0x080005d3   Thumb Code     2  use_no_semi.o(.text)
    _printf_int_common                       0x080005d5   Thumb Code   178  _printf_intcommon.o(.text)
    _printf_char_common                      0x08000693   Thumb Code    32  _printf_char_common.o(.text)
    _sputc                                   0x080006b9   Thumb Code    10  _sputc.o(.text)
    _printf_cs_common                        0x080006c3   Thumb Code    20  _printf_char.o(.text)
    _printf_char                             0x080006d7   Thumb Code    16  _printf_char.o(.text)
    _printf_string                           0x080006e7   Thumb Code     8  _printf_char.o(.text)
    _printf_char_file                        0x080006f1   Thumb Code    32  _printf_char_file.o(.text)
    ferror                                   0x08000715   Thumb Code     8  ferror.o(.text)
    __user_setup_stackheap                   0x0800071d   Thumb Code    74  sys_stackheap_outer.o(.text)
    exit                                     0x08000767   Thumb Code    18  exit.o(.text)
    __user_libspace                          0x08000779   Thumb Code     8  libspace.o(.text)
    __user_perproc_libspace                  0x08000779   Thumb Code     0  libspace.o(.text)
    __user_perthread_libspace                0x08000779   Thumb Code     0  libspace.o(.text)
    BSP_PlatformIsDetected                   0x08000781   Thumb Code    20  fatfs_platform.o(i.BSP_PlatformIsDetected)
    BSP_SD_GetCardInfo                       0x08000799   Thumb Code     8  bsp_driver_sd.o(i.BSP_SD_GetCardInfo)
    BSP_SD_GetCardState                      0x080007a5   Thumb Code    20  bsp_driver_sd.o(i.BSP_SD_GetCardState)
    BSP_SD_Init                              0x080007bd   Thumb Code    42  bsp_driver_sd.o(i.BSP_SD_Init)
    BSP_SD_IsDetected                        0x080007ed   Thumb Code    26  bsp_driver_sd.o(i.BSP_SD_IsDetected)
    BSP_SD_ReadBlocks                        0x08000809   Thumb Code    26  bsp_driver_sd.o(i.BSP_SD_ReadBlocks)
    BSP_SD_WriteBlocks                       0x08000829   Thumb Code    26  bsp_driver_sd.o(i.BSP_SD_WriteBlocks)
    BusFault_Handler                         0x08000849   Thumb Code     2  stm32f4xx_it.o(i.BusFault_Handler)
    DebugMon_Handler                         0x0800084b   Thumb Code     2  stm32f4xx_it.o(i.DebugMon_Handler)
    Error_Handler                            0x0800084d   Thumb Code     4  main.o(i.Error_Handler)
    FATFS_LinkDriver                         0x08000851   Thumb Code     6  ff_gen_drv.o(i.FATFS_LinkDriver)
    FATFS_LinkDriverEx                       0x08000859   Thumb Code    58  ff_gen_drv.o(i.FATFS_LinkDriverEx)
    HAL_Delay                                0x08000899   Thumb Code    32  stm32f4xx_hal.o(i.HAL_Delay)
    HAL_GPIO_Init                            0x080008bd   Thumb Code   450  stm32f4xx_hal_gpio.o(i.HAL_GPIO_Init)
    HAL_GPIO_ReadPin                         0x08000aad   Thumb Code    10  stm32f4xx_hal_gpio.o(i.HAL_GPIO_ReadPin)
    HAL_GetTick                              0x08000ab9   Thumb Code     6  stm32f4xx_hal.o(i.HAL_GetTick)
    HAL_IncTick                              0x08000ac5   Thumb Code    12  stm32f4xx_hal.o(i.HAL_IncTick)
    HAL_Init                                 0x08000ad5   Thumb Code    48  stm32f4xx_hal.o(i.HAL_Init)
    HAL_InitTick                             0x08000b09   Thumb Code    54  stm32f4xx_hal.o(i.HAL_InitTick)
    HAL_MspInit                              0x08000b49   Thumb Code    42  stm32f4xx_hal_msp.o(i.HAL_MspInit)
    HAL_NVIC_SetPriority                     0x08000b79   Thumb Code    60  stm32f4xx_hal_cortex.o(i.HAL_NVIC_SetPriority)
    HAL_NVIC_SetPriorityGrouping             0x08000bb9   Thumb Code    26  stm32f4xx_hal_cortex.o(i.HAL_NVIC_SetPriorityGrouping)
    HAL_RCC_ClockConfig                      0x08000bdd   Thumb Code   288  stm32f4xx_hal_rcc.o(i.HAL_RCC_ClockConfig)
    HAL_RCC_GetPCLK1Freq                     0x08000d11   Thumb Code    20  stm32f4xx_hal_rcc.o(i.HAL_RCC_GetPCLK1Freq)
    HAL_RCC_GetPCLK2Freq                     0x08000d31   Thumb Code    20  stm32f4xx_hal_rcc.o(i.HAL_RCC_GetPCLK2Freq)
    HAL_RCC_GetSysClockFreq                  0x08000d51   Thumb Code    88  stm32f4xx_hal_rcc.o(i.HAL_RCC_GetSysClockFreq)
    HAL_RCC_OscConfig                        0x08000db1   Thumb Code   856  stm32f4xx_hal_rcc.o(i.HAL_RCC_OscConfig)
    HAL_SD_ConfigWideBusOperation            0x0800111d   Thumb Code   276  stm32f4xx_hal_sd.o(i.HAL_SD_ConfigWideBusOperation)
    HAL_SD_Erase                             0x08001235   Thumb Code   190  stm32f4xx_hal_sd.o(i.HAL_SD_Erase)
    HAL_SD_GetCardCSD                        0x080012f9   Thumb Code   402  stm32f4xx_hal_sd.o(i.HAL_SD_GetCardCSD)
    HAL_SD_GetCardInfo                       0x08001491   Thumb Code    36  stm32f4xx_hal_sd.o(i.HAL_SD_GetCardInfo)
    HAL_SD_GetCardState                      0x080014b5   Thumb Code    44  stm32f4xx_hal_sd.o(i.HAL_SD_GetCardState)
    HAL_SD_Init                              0x080014e1   Thumb Code    54  stm32f4xx_hal_sd.o(i.HAL_SD_Init)
    HAL_SD_InitCard                          0x08001519   Thumb Code   116  stm32f4xx_hal_sd.o(i.HAL_SD_InitCard)
    HAL_SD_MspInit                           0x08001595   Thumb Code   130  sdio.o(i.HAL_SD_MspInit)
    HAL_SD_ReadBlocks                        0x08001629   Thumb Code   476  stm32f4xx_hal_sd.o(i.HAL_SD_ReadBlocks)
    HAL_SD_WriteBlocks                       0x08001809   Thumb Code   428  stm32f4xx_hal_sd.o(i.HAL_SD_WriteBlocks)
    HAL_SYSTICK_Config                       0x080019b9   Thumb Code    40  stm32f4xx_hal_cortex.o(i.HAL_SYSTICK_Config)
    HAL_UART_Init                            0x080019e1   Thumb Code   100  stm32f4xx_hal_uart.o(i.HAL_UART_Init)
    HAL_UART_MspInit                         0x08001a45   Thumb Code    94  usart.o(i.HAL_UART_MspInit)
    HardFault_Handler                        0x08001ab1   Thumb Code     2  stm32f4xx_it.o(i.HardFault_Handler)
    MX_FATFS_Init                            0x08001ab5   Thumb Code    18  fatfs.o(i.MX_FATFS_Init)
    MX_GPIO_Init                             0x08001ad1   Thumb Code   118  gpio.o(i.MX_GPIO_Init)
    MX_SDIO_SD_Init                          0x08001b55   Thumb Code    24  sdio.o(i.MX_SDIO_SD_Init)
    MX_USART1_UART_Init                      0x08001b75   Thumb Code    48  usart.o(i.MX_USART1_UART_Init)
    MemManage_Handler                        0x08001bad   Thumb Code     2  stm32f4xx_it.o(i.MemManage_Handler)
    NMI_Handler                              0x08001baf   Thumb Code     2  stm32f4xx_it.o(i.NMI_Handler)
    PendSV_Handler                           0x08001bb1   Thumb Code     2  stm32f4xx_it.o(i.PendSV_Handler)
    SDCard_EraseBlocks                       0x08001bb5   Thumb Code    82  sdio.o(i.SDCard_EraseBlocks)
    SDCard_ShowInfo                          0x08001c89   Thumb Code   106  sdio.o(i.SDCard_ShowInfo)
    SDCard_TestRead                          0x08001e11   Thumb Code   114  sdio.o(i.SDCard_TestRead)
    SDCard_TestWrite                         0x08001f19   Thumb Code   148  sdio.o(i.SDCard_TestWrite)
    SDIO_ConfigData                          0x08002079   Thumb Code    36  stm32f4xx_ll_sdmmc.o(i.SDIO_ConfigData)
    SDIO_GetPowerState                       0x0800209d   Thumb Code     8  stm32f4xx_ll_sdmmc.o(i.SDIO_GetPowerState)
    SDIO_GetResponse                         0x080020a5   Thumb Code     6  stm32f4xx_ll_sdmmc.o(i.SDIO_GetResponse)
    SDIO_Init                                0x080020ab   Thumb Code    36  stm32f4xx_ll_sdmmc.o(i.SDIO_Init)
    SDIO_PowerState_ON                       0x080020cf   Thumb Code     8  stm32f4xx_ll_sdmmc.o(i.SDIO_PowerState_ON)
    SDIO_ReadFIFO                            0x080020d7   Thumb Code     6  stm32f4xx_ll_sdmmc.o(i.SDIO_ReadFIFO)
    SDIO_SendCommand                         0x080020dd   Thumb Code    32  stm32f4xx_ll_sdmmc.o(i.SDIO_SendCommand)
    SDIO_WriteFIFO                           0x080020fd   Thumb Code    10  stm32f4xx_ll_sdmmc.o(i.SDIO_WriteFIFO)
    SDMMC_CmdAppCommand                      0x08002107   Thumb Code    50  stm32f4xx_ll_sdmmc.o(i.SDMMC_CmdAppCommand)
    SDMMC_CmdAppOperCommand                  0x08002139   Thumb Code    48  stm32f4xx_ll_sdmmc.o(i.SDMMC_CmdAppOperCommand)
    SDMMC_CmdBlockLength                     0x0800216d   Thumb Code    50  stm32f4xx_ll_sdmmc.o(i.SDMMC_CmdBlockLength)
    SDMMC_CmdBusWidth                        0x0800219f   Thumb Code    50  stm32f4xx_ll_sdmmc.o(i.SDMMC_CmdBusWidth)
    SDMMC_CmdErase                           0x080021d1   Thumb Code    48  stm32f4xx_ll_sdmmc.o(i.SDMMC_CmdErase)
    SDMMC_CmdGoIdleState                     0x08002201   Thumb Code    74  stm32f4xx_ll_sdmmc.o(i.SDMMC_CmdGoIdleState)
    SDMMC_CmdOperCond                        0x08002251   Thumb Code    48  stm32f4xx_ll_sdmmc.o(i.SDMMC_CmdOperCond)
    SDMMC_CmdReadMultiBlock                  0x08002281   Thumb Code    50  stm32f4xx_ll_sdmmc.o(i.SDMMC_CmdReadMultiBlock)
    SDMMC_CmdReadSingleBlock                 0x080022b3   Thumb Code    50  stm32f4xx_ll_sdmmc.o(i.SDMMC_CmdReadSingleBlock)
    SDMMC_CmdSDEraseEndAdd                   0x080022e5   Thumb Code    50  stm32f4xx_ll_sdmmc.o(i.SDMMC_CmdSDEraseEndAdd)
    SDMMC_CmdSDEraseStartAdd                 0x08002317   Thumb Code    50  stm32f4xx_ll_sdmmc.o(i.SDMMC_CmdSDEraseStartAdd)
    SDMMC_CmdSelDesel                        0x08002349   Thumb Code    50  stm32f4xx_ll_sdmmc.o(i.SDMMC_CmdSelDesel)
    SDMMC_CmdSendCID                         0x0800237b   Thumb Code    44  stm32f4xx_ll_sdmmc.o(i.SDMMC_CmdSendCID)
    SDMMC_CmdSendCSD                         0x080023a7   Thumb Code    44  stm32f4xx_ll_sdmmc.o(i.SDMMC_CmdSendCSD)
    SDMMC_CmdSendSCR                         0x080023d3   Thumb Code    48  stm32f4xx_ll_sdmmc.o(i.SDMMC_CmdSendSCR)
    SDMMC_CmdSendStatus                      0x08002403   Thumb Code    50  stm32f4xx_ll_sdmmc.o(i.SDMMC_CmdSendStatus)
    SDMMC_CmdSetRelAdd                       0x08002435   Thumb Code    48  stm32f4xx_ll_sdmmc.o(i.SDMMC_CmdSetRelAdd)
    SDMMC_CmdStopTransfer                    0x08002465   Thumb Code    46  stm32f4xx_ll_sdmmc.o(i.SDMMC_CmdStopTransfer)
    SDMMC_CmdWriteMultiBlock                 0x08002499   Thumb Code    50  stm32f4xx_ll_sdmmc.o(i.SDMMC_CmdWriteMultiBlock)
    SDMMC_CmdWriteSingleBlock                0x080024cb   Thumb Code    50  stm32f4xx_ll_sdmmc.o(i.SDMMC_CmdWriteSingleBlock)
    SDMMC_GetCmdResp1                        0x080024fd   Thumb Code   278  stm32f4xx_ll_sdmmc.o(i.SDMMC_GetCmdResp1)
    SDMMC_GetCmdResp2                        0x0800261d   Thumb Code    76  stm32f4xx_ll_sdmmc.o(i.SDMMC_GetCmdResp2)
    SDMMC_GetCmdResp3                        0x0800266d   Thumb Code    62  stm32f4xx_ll_sdmmc.o(i.SDMMC_GetCmdResp3)
    SDMMC_GetCmdResp6                        0x080026b1   Thumb Code   130  stm32f4xx_ll_sdmmc.o(i.SDMMC_GetCmdResp6)
    SDMMC_GetCmdResp7                        0x08002739   Thumb Code    82  stm32f4xx_ll_sdmmc.o(i.SDMMC_GetCmdResp7)
    SD_initialize                            0x08002a35   Thumb Code    28  sd_diskio.o(i.SD_initialize)
    SD_ioctl                                 0x08002a55   Thumb Code    76  sd_diskio.o(i.SD_ioctl)
    SD_read                                  0x08002aa5   Thumb Code    38  sd_diskio.o(i.SD_read)
    SD_status                                0x08002acb   Thumb Code     4  sd_diskio.o(i.SD_status)
    SD_write                                 0x08002ad1   Thumb Code    38  sd_diskio.o(i.SD_write)
    SVC_Handler                              0x08002af7   Thumb Code     2  stm32f4xx_it.o(i.SVC_Handler)
    SysTick_Handler                          0x08002af9   Thumb Code     4  stm32f4xx_it.o(i.SysTick_Handler)
    SystemClock_Config                       0x08002afd   Thumb Code   140  main.o(i.SystemClock_Config)
    SystemInit                               0x08002b91   Thumb Code    12  system_stm32f4xx.o(i.SystemInit)
    UsageFault_Handler                       0x08002cad   Thumb Code     2  stm32f4xx_it.o(i.UsageFault_Handler)
    _sys_exit                                0x08002ccf   Thumb Code     2  usart.o(i._sys_exit)
    disk_initialize                          0x08003595   Thumb Code    38  diskio.o(i.disk_initialize)
    disk_ioctl                               0x080035c1   Thumb Code    24  diskio.o(i.disk_ioctl)
    disk_read                                0x080035dd   Thumb Code    24  diskio.o(i.disk_read)
    disk_status                              0x080035f9   Thumb Code    18  diskio.o(i.disk_status)
    disk_write                               0x08003611   Thumb Code    24  diskio.o(i.disk_write)
    f_close                                  0x0800362d   Thumb Code    40  ff.o(i.f_close)
    f_mount                                  0x08003655   Thumb Code    84  ff.o(i.f_mount)
    f_open                                   0x080036ad   Thumb Code   524  ff.o(i.f_open)
    f_read                                   0x080038bd   Thumb Code   338  ff.o(i.f_read)
    f_sync                                   0x08003a0f   Thumb Code   142  ff.o(i.f_sync)
    f_write                                  0x08003a9d   Thumb Code   398  ff.o(i.f_write)
    ff_convert                               0x08003c2d   Thumb Code    52  ccsbcs.o(i.ff_convert)
    ff_wtoupper                              0x08003c65   Thumb Code   120  ccsbcs.o(i.ff_wtoupper)
    fputc                                    0x08003fad   Thumb Code    14  usart.o(i.fputc)
    get_fattime                              0x080040ff   Thumb Code     4  fatfs.o(i.get_fattime)
    main                                     0x08004209   Thumb Code   508  main.o(i.main)
    _fp_init                                 0x08004973   Thumb Code    10  fpinit.o(x$fpl$fpinit)
    __fplib_config_fpu_vfp                   0x0800497b   Thumb Code     0  fpinit.o(x$fpl$fpinit)
    __fplib_config_pureend_doubles           0x0800497b   Thumb Code     0  fpinit.o(x$fpl$fpinit)
    SD_Driver                                0x08004b7c   Data          20  sd_diskio.o(.constdata)
    AHBPrescTable                            0x08004b90   Data          16  system_stm32f4xx.o(.constdata)
    APBPrescTable                            0x08004ba0   Data           8  system_stm32f4xx.o(.constdata)
    Region$$Table$$Base                      0x08005000   Number         0  anon$$obj.o(Region$$Table)
    Region$$Table$$Limit                     0x08005020   Number         0  anon$$obj.o(Region$$Table)
    count                                    0x20000000   Data           1  main.o(.data)
    __stdout                                 0x20000004   Data           4  usart.o(.data)
    retSD                                    0x20000009   Data           1  fatfs.o(.data)
    SDPath                                   0x2000000a   Data           4  fatfs.o(.data)
    uwTickFreq                               0x20000010   Data           1  stm32f4xx_hal.o(.data)
    uwTickPrio                               0x20000014   Data           4  stm32f4xx_hal.o(.data)
    uwTick                                   0x20000018   Data           4  stm32f4xx_hal.o(.data)
    SystemCoreClock                          0x2000001c   Data           4  system_stm32f4xx.o(.data)
    hsd                                      0x20000028   Data         132  sdio.o(.bss)
    huart1                                   0x200000ac   Data          72  usart.o(.bss)
    SDFatFS                                  0x200000f4   Data         564  fatfs.o(.bss)
    SDFile                                   0x20000328   Data         560  fatfs.o(.bss)
    disk                                     0x20000578   Data          12  ff_gen_drv.o(.bss)
    __libspace_start                         0x20000584   Data          96  libspace.o(.bss)
    __temporary_stack_top$libspace           0x200005e4   Data           0  libspace.o(.bss)



==============================================================================

Memory Map of the image

  Image Entry point : 0x08000189

  Load Region LR_IROM1 (Base: 0x08000000, Size: 0x00005048, Max: 0x00100000, ABSOLUTE)

    Execution Region ER_IROM1 (Exec base: 0x08000000, Load base: 0x08000000, Size: 0x00005020, Max: 0x00100000, ABSOLUTE)

    Exec Addr    Load Addr    Size         Type   Attr      Idx    E Section Name        Object

    0x08000000   0x08000000   0x00000188   Data   RO            3    RESET               startup_stm32f407xx.o
    0x08000188   0x08000188   0x00000008   Code   RO         3376  * !!!main             c_w.l(__main.o)
    0x08000190   0x08000190   0x00000034   Code   RO         3555    !!!scatter          c_w.l(__scatter.o)
    0x080001c4   0x080001c4   0x0000001a   Code   RO         3557    !!handler_copy      c_w.l(__scatter_copy.o)
    0x080001de   0x080001de   0x00000002   PAD
    0x080001e0   0x080001e0   0x0000001c   Code   RO         3559    !!handler_zi        c_w.l(__scatter_zi.o)
    0x080001fc   0x080001fc   0x00000000   Code   RO         3367    .ARM.Collect$$_printf_percent$$00000000  c_w.l(_printf_percent.o)
    0x080001fc   0x080001fc   0x00000006   Code   RO         3366    .ARM.Collect$$_printf_percent$$00000009  c_w.l(_printf_d.o)
    0x08000202   0x08000202   0x00000006   Code   RO         3365    .ARM.Collect$$_printf_percent$$00000014  c_w.l(_printf_s.o)
    0x08000208   0x08000208   0x00000004   Code   RO         3395    .ARM.Collect$$_printf_percent$$00000017  c_w.l(_printf_percent_end.o)
    0x0800020c   0x0800020c   0x00000002   Code   RO         3432    .ARM.Collect$$libinit$$00000000  c_w.l(libinit.o)
    0x0800020e   0x0800020e   0x00000004   Code   RO         3444    .ARM.Collect$$libinit$$00000001  c_w.l(libinit2.o)
    0x08000212   0x08000212   0x00000000   Code   RO         3447    .ARM.Collect$$libinit$$00000004  c_w.l(libinit2.o)
    0x08000212   0x08000212   0x00000000   Code   RO         3450    .ARM.Collect$$libinit$$0000000A  c_w.l(libinit2.o)
    0x08000212   0x08000212   0x00000000   Code   RO         3452    .ARM.Collect$$libinit$$0000000C  c_w.l(libinit2.o)
    0x08000212   0x08000212   0x00000000   Code   RO         3454    .ARM.Collect$$libinit$$0000000E  c_w.l(libinit2.o)
    0x08000212   0x08000212   0x00000000   Code   RO         3457    .ARM.Collect$$libinit$$00000011  c_w.l(libinit2.o)
    0x08000212   0x08000212   0x00000000   Code   RO         3459    .ARM.Collect$$libinit$$00000013  c_w.l(libinit2.o)
    0x08000212   0x08000212   0x00000000   Code   RO         3461    .ARM.Collect$$libinit$$00000015  c_w.l(libinit2.o)
    0x08000212   0x08000212   0x00000000   Code   RO         3463    .ARM.Collect$$libinit$$00000017  c_w.l(libinit2.o)
    0x08000212   0x08000212   0x00000000   Code   RO         3465    .ARM.Collect$$libinit$$00000019  c_w.l(libinit2.o)
    0x08000212   0x08000212   0x00000000   Code   RO         3467    .ARM.Collect$$libinit$$0000001B  c_w.l(libinit2.o)
    0x08000212   0x08000212   0x00000000   Code   RO         3469    .ARM.Collect$$libinit$$0000001D  c_w.l(libinit2.o)
    0x08000212   0x08000212   0x00000000   Code   RO         3471    .ARM.Collect$$libinit$$0000001F  c_w.l(libinit2.o)
    0x08000212   0x08000212   0x00000000   Code   RO         3473    .ARM.Collect$$libinit$$00000021  c_w.l(libinit2.o)
    0x08000212   0x08000212   0x00000000   Code   RO         3475    .ARM.Collect$$libinit$$00000023  c_w.l(libinit2.o)
    0x08000212   0x08000212   0x00000000   Code   RO         3477    .ARM.Collect$$libinit$$00000025  c_w.l(libinit2.o)
    0x08000212   0x08000212   0x00000000   Code   RO         3481    .ARM.Collect$$libinit$$0000002C  c_w.l(libinit2.o)
    0x08000212   0x08000212   0x00000000   Code   RO         3483    .ARM.Collect$$libinit$$0000002E  c_w.l(libinit2.o)
    0x08000212   0x08000212   0x00000000   Code   RO         3485    .ARM.Collect$$libinit$$00000030  c_w.l(libinit2.o)
    0x08000212   0x08000212   0x00000000   Code   RO         3487    .ARM.Collect$$libinit$$00000032  c_w.l(libinit2.o)
    0x08000212   0x08000212   0x00000002   Code   RO         3488    .ARM.Collect$$libinit$$00000033  c_w.l(libinit2.o)
    0x08000214   0x08000214   0x00000002   Code   RO         3512    .ARM.Collect$$libshutdown$$00000000  c_w.l(libshutdown.o)
    0x08000216   0x08000216   0x00000000   Code   RO         3536    .ARM.Collect$$libshutdown$$00000002  c_w.l(libshutdown2.o)
    0x08000216   0x08000216   0x00000000   Code   RO         3538    .ARM.Collect$$libshutdown$$00000004  c_w.l(libshutdown2.o)
    0x08000216   0x08000216   0x00000000   Code   RO         3540    .ARM.Collect$$libshutdown$$00000006  c_w.l(libshutdown2.o)
    0x08000216   0x08000216   0x00000000   Code   RO         3543    .ARM.Collect$$libshutdown$$00000009  c_w.l(libshutdown2.o)
    0x08000216   0x08000216   0x00000000   Code   RO         3546    .ARM.Collect$$libshutdown$$0000000C  c_w.l(libshutdown2.o)
    0x08000216   0x08000216   0x00000000   Code   RO         3548    .ARM.Collect$$libshutdown$$0000000E  c_w.l(libshutdown2.o)
    0x08000216   0x08000216   0x00000000   Code   RO         3551    .ARM.Collect$$libshutdown$$00000011  c_w.l(libshutdown2.o)
    0x08000216   0x08000216   0x00000002   Code   RO         3552    .ARM.Collect$$libshutdown$$00000012  c_w.l(libshutdown2.o)
    0x08000218   0x08000218   0x00000000   Code   RO         3380    .ARM.Collect$$rtentry$$00000000  c_w.l(__rtentry.o)
    0x08000218   0x08000218   0x00000000   Code   RO         3397    .ARM.Collect$$rtentry$$00000002  c_w.l(__rtentry2.o)
    0x08000218   0x08000218   0x00000006   Code   RO         3409    .ARM.Collect$$rtentry$$00000004  c_w.l(__rtentry4.o)
    0x0800021e   0x0800021e   0x00000000   Code   RO         3399    .ARM.Collect$$rtentry$$00000009  c_w.l(__rtentry2.o)
    0x0800021e   0x0800021e   0x00000004   Code   RO         3400    .ARM.Collect$$rtentry$$0000000A  c_w.l(__rtentry2.o)
    0x08000222   0x08000222   0x00000000   Code   RO         3402    .ARM.Collect$$rtentry$$0000000C  c_w.l(__rtentry2.o)
    0x08000222   0x08000222   0x00000008   Code   RO         3403    .ARM.Collect$$rtentry$$0000000D  c_w.l(__rtentry2.o)
    0x0800022a   0x0800022a   0x00000002   Code   RO         3436    .ARM.Collect$$rtexit$$00000000  c_w.l(rtexit.o)
    0x0800022c   0x0800022c   0x00000000   Code   RO         3490    .ARM.Collect$$rtexit$$00000002  c_w.l(rtexit2.o)
    0x0800022c   0x0800022c   0x00000004   Code   RO         3491    .ARM.Collect$$rtexit$$00000003  c_w.l(rtexit2.o)
    0x08000230   0x08000230   0x00000006   Code   RO         3492    .ARM.Collect$$rtexit$$00000004  c_w.l(rtexit2.o)
    0x08000236   0x08000236   0x00000002   PAD
    0x08000238   0x08000238   0x00000040   Code   RO            4    .text               startup_stm32f407xx.o
    0x08000278   0x08000278   0x00000002   Code   RO         3327    .text               c_w.l(use_no_semi_2.o)
    0x0800027a   0x0800027a   0x000000ee   Code   RO         3329    .text               c_w.l(lludivv7m.o)
    0x08000368   0x08000368   0x00000018   Code   RO         3335    .text               c_w.l(noretval__2printf.o)
    0x08000380   0x08000380   0x00000028   Code   RO         3337    .text               c_w.l(noretval__2sprintf.o)
    0x080003a8   0x080003a8   0x00000068   Code   RO         3339    .text               c_w.l(__printf.o)
    0x08000410   0x08000410   0x00000052   Code   RO         3341    .text               c_w.l(_printf_str.o)
    0x08000462   0x08000462   0x00000002   PAD
    0x08000464   0x08000464   0x00000078   Code   RO         3343    .text               c_w.l(_printf_dec.o)
    0x080004dc   0x080004dc   0x0000003e   Code   RO         3368    .text               c_w.l(strlen.o)
    0x0800051a   0x0800051a   0x00000064   Code   RO         3370    .text               c_w.l(rt_memcpy_w.o)
    0x0800057e   0x0800057e   0x0000004e   Code   RO         3372    .text               c_w.l(rt_memclr_w.o)
    0x080005cc   0x080005cc   0x00000006   Code   RO         3374    .text               c_w.l(heapauxi.o)
    0x080005d2   0x080005d2   0x00000002   Code   RO         3378    .text               c_w.l(use_no_semi.o)
    0x080005d4   0x080005d4   0x000000b2   Code   RO         3385    .text               c_w.l(_printf_intcommon.o)
    0x08000686   0x08000686   0x00000002   PAD
    0x08000688   0x08000688   0x00000030   Code   RO         3387    .text               c_w.l(_printf_char_common.o)
    0x080006b8   0x080006b8   0x0000000a   Code   RO         3389    .text               c_w.l(_sputc.o)
    0x080006c2   0x080006c2   0x0000002c   Code   RO         3391    .text               c_w.l(_printf_char.o)
    0x080006ee   0x080006ee   0x00000002   PAD
    0x080006f0   0x080006f0   0x00000024   Code   RO         3393    .text               c_w.l(_printf_char_file.o)
    0x08000714   0x08000714   0x00000008   Code   RO         3415    .text               c_w.l(ferror.o)
    0x0800071c   0x0800071c   0x0000004a   Code   RO         3419    .text               c_w.l(sys_stackheap_outer.o)
    0x08000766   0x08000766   0x00000012   Code   RO         3421    .text               c_w.l(exit.o)
    0x08000778   0x08000778   0x00000008   Code   RO         3433    .text               c_w.l(libspace.o)
    0x08000780   0x08000780   0x00000018   Code   RO          650    i.BSP_PlatformIsDetected  fatfs_platform.o
    0x08000798   0x08000798   0x0000000c   Code   RO          472    i.BSP_SD_GetCardInfo  bsp_driver_sd.o
    0x080007a4   0x080007a4   0x00000018   Code   RO          473    i.BSP_SD_GetCardState  bsp_driver_sd.o
    0x080007bc   0x080007bc   0x00000030   Code   RO          475    i.BSP_SD_Init       bsp_driver_sd.o
    0x080007ec   0x080007ec   0x0000001a   Code   RO          476    i.BSP_SD_IsDetected  bsp_driver_sd.o
    0x08000806   0x08000806   0x00000002   PAD
    0x08000808   0x08000808   0x00000020   Code   RO          477    i.BSP_SD_ReadBlocks  bsp_driver_sd.o
    0x08000828   0x08000828   0x00000020   Code   RO          480    i.BSP_SD_WriteBlocks  bsp_driver_sd.o
    0x08000848   0x08000848   0x00000002   Code   RO          370    i.BusFault_Handler  stm32f4xx_it.o
    0x0800084a   0x0800084a   0x00000002   Code   RO          371    i.DebugMon_Handler  stm32f4xx_it.o
    0x0800084c   0x0800084c   0x00000004   Code   RO           13    i.Error_Handler     main.o
    0x08000850   0x08000850   0x00000006   Code   RO         3222    i.FATFS_LinkDriver  ff_gen_drv.o
    0x08000856   0x08000856   0x00000002   PAD
    0x08000858   0x08000858   0x00000040   Code   RO         3223    i.FATFS_LinkDriverEx  ff_gen_drv.o
    0x08000898   0x08000898   0x00000024   Code   RO         1611    i.HAL_Delay         stm32f4xx_hal.o
    0x080008bc   0x080008bc   0x000001f0   Code   RO         1067    i.HAL_GPIO_Init     stm32f4xx_hal_gpio.o
    0x08000aac   0x08000aac   0x0000000a   Code   RO         1069    i.HAL_GPIO_ReadPin  stm32f4xx_hal_gpio.o
    0x08000ab6   0x08000ab6   0x00000002   PAD
    0x08000ab8   0x08000ab8   0x0000000c   Code   RO         1617    i.HAL_GetTick       stm32f4xx_hal.o
    0x08000ac4   0x08000ac4   0x00000010   Code   RO         1623    i.HAL_IncTick       stm32f4xx_hal.o
    0x08000ad4   0x08000ad4   0x00000034   Code   RO         1624    i.HAL_Init          stm32f4xx_hal.o
    0x08000b08   0x08000b08   0x00000040   Code   RO         1625    i.HAL_InitTick      stm32f4xx_hal.o
    0x08000b48   0x08000b48   0x00000030   Code   RO          445    i.HAL_MspInit       stm32f4xx_hal_msp.o
    0x08000b78   0x08000b78   0x00000040   Code   RO         1465    i.HAL_NVIC_SetPriority  stm32f4xx_hal_cortex.o
    0x08000bb8   0x08000bb8   0x00000024   Code   RO         1466    i.HAL_NVIC_SetPriorityGrouping  stm32f4xx_hal_cortex.o
    0x08000bdc   0x08000bdc   0x00000134   Code   RO          713    i.HAL_RCC_ClockConfig  stm32f4xx_hal_rcc.o
    0x08000d10   0x08000d10   0x00000020   Code   RO          720    i.HAL_RCC_GetPCLK1Freq  stm32f4xx_hal_rcc.o
    0x08000d30   0x08000d30   0x00000020   Code   RO          721    i.HAL_RCC_GetPCLK2Freq  stm32f4xx_hal_rcc.o
    0x08000d50   0x08000d50   0x00000060   Code   RO          722    i.HAL_RCC_GetSysClockFreq  stm32f4xx_hal_rcc.o
    0x08000db0   0x08000db0   0x0000036c   Code   RO          725    i.HAL_RCC_OscConfig  stm32f4xx_hal_rcc.o
    0x0800111c   0x0800111c   0x00000118   Code   RO         2151    i.HAL_SD_ConfigWideBusOperation  stm32f4xx_hal_sd.o
    0x08001234   0x08001234   0x000000c4   Code   RO         2153    i.HAL_SD_Erase      stm32f4xx_hal_sd.o
    0x080012f8   0x080012f8   0x00000198   Code   RO         2156    i.HAL_SD_GetCardCSD  stm32f4xx_hal_sd.o
    0x08001490   0x08001490   0x00000024   Code   RO         2157    i.HAL_SD_GetCardInfo  stm32f4xx_hal_sd.o
    0x080014b4   0x080014b4   0x0000002c   Code   RO         2158    i.HAL_SD_GetCardState  stm32f4xx_hal_sd.o
    0x080014e0   0x080014e0   0x00000036   Code   RO         2163    i.HAL_SD_Init       stm32f4xx_hal_sd.o
    0x08001516   0x08001516   0x00000002   PAD
    0x08001518   0x08001518   0x0000007c   Code   RO         2164    i.HAL_SD_InitCard   stm32f4xx_hal_sd.o
    0x08001594   0x08001594   0x00000094   Code   RO          227    i.HAL_SD_MspInit    sdio.o
    0x08001628   0x08001628   0x000001e0   Code   RO         2167    i.HAL_SD_ReadBlocks  stm32f4xx_hal_sd.o
    0x08001808   0x08001808   0x000001b0   Code   RO         2172    i.HAL_SD_WriteBlocks  stm32f4xx_hal_sd.o
    0x080019b8   0x080019b8   0x00000028   Code   RO         1470    i.HAL_SYSTICK_Config  stm32f4xx_hal_cortex.o
    0x080019e0   0x080019e0   0x00000064   Code   RO         2439    i.HAL_UART_Init     stm32f4xx_hal_uart.o
    0x08001a44   0x08001a44   0x0000006c   Code   RO          300    i.HAL_UART_MspInit  usart.o
    0x08001ab0   0x08001ab0   0x00000002   Code   RO          372    i.HardFault_Handler  stm32f4xx_it.o
    0x08001ab2   0x08001ab2   0x00000002   PAD
    0x08001ab4   0x08001ab4   0x0000001c   Code   RO          674    i.MX_FATFS_Init     fatfs.o
    0x08001ad0   0x08001ad0   0x00000084   Code   RO          202    i.MX_GPIO_Init      gpio.o
    0x08001b54   0x08001b54   0x00000020   Code   RO          228    i.MX_SDIO_SD_Init   sdio.o
    0x08001b74   0x08001b74   0x00000038   Code   RO          301    i.MX_USART1_UART_Init  usart.o
    0x08001bac   0x08001bac   0x00000002   Code   RO          373    i.MemManage_Handler  stm32f4xx_it.o
    0x08001bae   0x08001bae   0x00000002   Code   RO          374    i.NMI_Handler       stm32f4xx_it.o
    0x08001bb0   0x08001bb0   0x00000002   Code   RO          375    i.PendSV_Handler    stm32f4xx_it.o
    0x08001bb2   0x08001bb2   0x00000002   PAD
    0x08001bb4   0x08001bb4   0x000000d4   Code   RO          229    i.SDCard_EraseBlocks  sdio.o
    0x08001c88   0x08001c88   0x00000188   Code   RO          230    i.SDCard_ShowInfo   sdio.o
    0x08001e10   0x08001e10   0x00000108   Code   RO          232    i.SDCard_TestRead   sdio.o
    0x08001f18   0x08001f18   0x00000160   Code   RO          233    i.SDCard_TestWrite  sdio.o
    0x08002078   0x08002078   0x00000024   Code   RO         1862    i.SDIO_ConfigData   stm32f4xx_ll_sdmmc.o
    0x0800209c   0x0800209c   0x00000008   Code   RO         1866    i.SDIO_GetPowerState  stm32f4xx_ll_sdmmc.o
    0x080020a4   0x080020a4   0x00000006   Code   RO         1867    i.SDIO_GetResponse  stm32f4xx_ll_sdmmc.o
    0x080020aa   0x080020aa   0x00000024   Code   RO         1868    i.SDIO_Init         stm32f4xx_ll_sdmmc.o
    0x080020ce   0x080020ce   0x00000008   Code   RO         1870    i.SDIO_PowerState_ON  stm32f4xx_ll_sdmmc.o
    0x080020d6   0x080020d6   0x00000006   Code   RO         1871    i.SDIO_ReadFIFO     stm32f4xx_ll_sdmmc.o
    0x080020dc   0x080020dc   0x00000020   Code   RO         1872    i.SDIO_SendCommand  stm32f4xx_ll_sdmmc.o
    0x080020fc   0x080020fc   0x0000000a   Code   RO         1874    i.SDIO_WriteFIFO    stm32f4xx_ll_sdmmc.o
    0x08002106   0x08002106   0x00000032   Code   RO         1875    i.SDMMC_CmdAppCommand  stm32f4xx_ll_sdmmc.o
    0x08002138   0x08002138   0x00000034   Code   RO         1876    i.SDMMC_CmdAppOperCommand  stm32f4xx_ll_sdmmc.o
    0x0800216c   0x0800216c   0x00000032   Code   RO         1877    i.SDMMC_CmdBlockLength  stm32f4xx_ll_sdmmc.o
    0x0800219e   0x0800219e   0x00000032   Code   RO         1878    i.SDMMC_CmdBusWidth  stm32f4xx_ll_sdmmc.o
    0x080021d0   0x080021d0   0x00000030   Code   RO         1879    i.SDMMC_CmdErase    stm32f4xx_ll_sdmmc.o
    0x08002200   0x08002200   0x00000050   Code   RO         1882    i.SDMMC_CmdGoIdleState  stm32f4xx_ll_sdmmc.o
    0x08002250   0x08002250   0x00000030   Code   RO         1884    i.SDMMC_CmdOperCond  stm32f4xx_ll_sdmmc.o
    0x08002280   0x08002280   0x00000032   Code   RO         1885    i.SDMMC_CmdReadMultiBlock  stm32f4xx_ll_sdmmc.o
    0x080022b2   0x080022b2   0x00000032   Code   RO         1886    i.SDMMC_CmdReadSingleBlock  stm32f4xx_ll_sdmmc.o
    0x080022e4   0x080022e4   0x00000032   Code   RO         1887    i.SDMMC_CmdSDEraseEndAdd  stm32f4xx_ll_sdmmc.o
    0x08002316   0x08002316   0x00000032   Code   RO         1888    i.SDMMC_CmdSDEraseStartAdd  stm32f4xx_ll_sdmmc.o
    0x08002348   0x08002348   0x00000032   Code   RO         1889    i.SDMMC_CmdSelDesel  stm32f4xx_ll_sdmmc.o
    0x0800237a   0x0800237a   0x0000002c   Code   RO         1890    i.SDMMC_CmdSendCID  stm32f4xx_ll_sdmmc.o
    0x080023a6   0x080023a6   0x0000002c   Code   RO         1891    i.SDMMC_CmdSendCSD  stm32f4xx_ll_sdmmc.o
    0x080023d2   0x080023d2   0x00000030   Code   RO         1893    i.SDMMC_CmdSendSCR  stm32f4xx_ll_sdmmc.o
    0x08002402   0x08002402   0x00000032   Code   RO         1894    i.SDMMC_CmdSendStatus  stm32f4xx_ll_sdmmc.o
    0x08002434   0x08002434   0x00000030   Code   RO         1895    i.SDMMC_CmdSetRelAdd  stm32f4xx_ll_sdmmc.o
    0x08002464   0x08002464   0x00000034   Code   RO         1898    i.SDMMC_CmdStopTransfer  stm32f4xx_ll_sdmmc.o
    0x08002498   0x08002498   0x00000032   Code   RO         1900    i.SDMMC_CmdWriteMultiBlock  stm32f4xx_ll_sdmmc.o
    0x080024ca   0x080024ca   0x00000032   Code   RO         1901    i.SDMMC_CmdWriteSingleBlock  stm32f4xx_ll_sdmmc.o
    0x080024fc   0x080024fc   0x00000120   Code   RO         1902    i.SDMMC_GetCmdResp1  stm32f4xx_ll_sdmmc.o
    0x0800261c   0x0800261c   0x00000050   Code   RO         1903    i.SDMMC_GetCmdResp2  stm32f4xx_ll_sdmmc.o
    0x0800266c   0x0800266c   0x00000044   Code   RO         1904    i.SDMMC_GetCmdResp3  stm32f4xx_ll_sdmmc.o
    0x080026b0   0x080026b0   0x00000088   Code   RO         1905    i.SDMMC_GetCmdResp6  stm32f4xx_ll_sdmmc.o
    0x08002738   0x08002738   0x00000058   Code   RO         1906    i.SDMMC_GetCmdResp7  stm32f4xx_ll_sdmmc.o
    0x08002790   0x08002790   0x00000020   Code   RO          590    i.SD_CheckStatus    sd_diskio.o
    0x080027b0   0x080027b0   0x000000e0   Code   RO         2180    i.SD_FindSCR        stm32f4xx_hal_sd.o
    0x08002890   0x08002890   0x000000ee   Code   RO         2181    i.SD_InitCard       stm32f4xx_hal_sd.o
    0x0800297e   0x0800297e   0x00000002   PAD
    0x08002980   0x08002980   0x000000b4   Code   RO         2182    i.SD_PowerON        stm32f4xx_hal_sd.o
    0x08002a34   0x08002a34   0x00000020   Code   RO          591    i.SD_initialize     sd_diskio.o
    0x08002a54   0x08002a54   0x00000050   Code   RO          592    i.SD_ioctl          sd_diskio.o
    0x08002aa4   0x08002aa4   0x00000026   Code   RO          593    i.SD_read           sd_diskio.o
    0x08002aca   0x08002aca   0x00000004   Code   RO          594    i.SD_status         sd_diskio.o
    0x08002ace   0x08002ace   0x00000002   PAD
    0x08002ad0   0x08002ad0   0x00000026   Code   RO          595    i.SD_write          sd_diskio.o
    0x08002af6   0x08002af6   0x00000002   Code   RO          376    i.SVC_Handler       stm32f4xx_it.o
    0x08002af8   0x08002af8   0x00000004   Code   RO          377    i.SysTick_Handler   stm32f4xx_it.o
    0x08002afc   0x08002afc   0x00000094   Code   RO           14    i.SystemClock_Config  main.o
    0x08002b90   0x08002b90   0x00000010   Code   RO         2773    i.SystemInit        system_stm32f4xx.o
    0x08002ba0   0x08002ba0   0x0000010c   Code   RO         2465    i.UART_SetConfig    stm32f4xx_hal_uart.o
    0x08002cac   0x08002cac   0x00000002   Code   RO          378    i.UsageFault_Handler  stm32f4xx_it.o
    0x08002cae   0x08002cae   0x00000020   Code   RO         1472    i.__NVIC_SetPriority  stm32f4xx_hal_cortex.o
    0x08002cce   0x08002cce   0x00000002   Code   RO          303    i._sys_exit         usart.o
    0x08002cd0   0x08002cd0   0x00000070   Code   RO         2865    i.check_fs          ff.o
    0x08002d40   0x08002d40   0x00000010   Code   RO         2866    i.chk_chr           ff.o
    0x08002d50   0x08002d50   0x0000005c   Code   RO         2867    i.chk_lock          ff.o
    0x08002dac   0x08002dac   0x00000020   Code   RO         2868    i.clear_lock        ff.o
    0x08002dcc   0x08002dcc   0x00000024   Code   RO         2869    i.clmt_clust        ff.o
    0x08002df0   0x08002df0   0x00000018   Code   RO         2870    i.clust2sect        ff.o
    0x08002e08   0x08002e08   0x00000080   Code   RO         2871    i.cmp_lfn           ff.o
    0x08002e88   0x08002e88   0x000000a4   Code   RO         2872    i.create_chain      ff.o
    0x08002f2c   0x08002f2c   0x00000208   Code   RO         2873    i.create_name       ff.o
    0x08003134   0x08003134   0x00000034   Code   RO         2874    i.dec_lock          ff.o
    0x08003168   0x08003168   0x000000d0   Code   RO         2875    i.dir_find          ff.o
    0x08003238   0x08003238   0x000000f4   Code   RO         2876    i.dir_next          ff.o
    0x0800332c   0x0800332c   0x000001e4   Code   RO         2878    i.dir_register      ff.o
    0x08003510   0x08003510   0x00000082   Code   RO         2880    i.dir_sdi           ff.o
    0x08003592   0x08003592   0x00000002   PAD
    0x08003594   0x08003594   0x0000002c   Code   RO         2810    i.disk_initialize   diskio.o
    0x080035c0   0x080035c0   0x0000001c   Code   RO         2811    i.disk_ioctl        diskio.o
    0x080035dc   0x080035dc   0x0000001c   Code   RO         2812    i.disk_read         diskio.o
    0x080035f8   0x080035f8   0x00000018   Code   RO         2813    i.disk_status       diskio.o
    0x08003610   0x08003610   0x0000001c   Code   RO         2814    i.disk_write        diskio.o
    0x0800362c   0x0800362c   0x00000028   Code   RO         2881    i.f_close           ff.o
    0x08003654   0x08003654   0x00000058   Code   RO         2888    i.f_mount           ff.o
    0x080036ac   0x080036ac   0x00000210   Code   RO         2889    i.f_open            ff.o
    0x080038bc   0x080038bc   0x00000152   Code   RO         2894    i.f_read            ff.o
    0x08003a0e   0x08003a0e   0x0000008e   Code   RO         2898    i.f_sync            ff.o
    0x08003a9c   0x08003a9c   0x0000018e   Code   RO         2901    i.f_write           ff.o
    0x08003c2a   0x08003c2a   0x00000002   PAD
    0x08003c2c   0x08003c2c   0x00000038   Code   RO         3296    i.ff_convert        ccsbcs.o
    0x08003c64   0x08003c64   0x00000080   Code   RO         3297    i.ff_wtoupper       ccsbcs.o
    0x08003ce4   0x08003ce4   0x00000254   Code   RO         2902    i.find_volume       ff.o
    0x08003f38   0x08003f38   0x00000074   Code   RO         2903    i.follow_path       ff.o
    0x08003fac   0x08003fac   0x00000014   Code   RO          305    i.fputc             usart.o
    0x08003fc0   0x08003fc0   0x00000080   Code   RO         2904    i.gen_numname       ff.o
    0x08004040   0x08004040   0x000000be   Code   RO         2905    i.get_fat           ff.o
    0x080040fe   0x080040fe   0x00000004   Code   RO          675    i.get_fattime       fatfs.o
    0x08004102   0x08004102   0x0000003c   Code   RO         2907    i.get_ldnumber      ff.o
    0x0800413e   0x0800413e   0x00000002   PAD
    0x08004140   0x08004140   0x00000080   Code   RO         2908    i.inc_lock          ff.o
    0x080041c0   0x080041c0   0x00000026   Code   RO         2909    i.ld_clust          ff.o
    0x080041e6   0x080041e6   0x00000016   Code   RO         2910    i.ld_dword          ff.o
    0x080041fc   0x080041fc   0x0000000a   Code   RO         2911    i.ld_word           ff.o
    0x08004206   0x08004206   0x00000002   PAD
    0x08004208   0x08004208   0x00000450   Code   RO           15    i.main              main.o
    0x08004658   0x08004658   0x00000012   Code   RO         2912    i.mem_cpy           ff.o
    0x0800466a   0x0800466a   0x00000002   PAD
    0x0800466c   0x0800466c   0x0000000e   Code   RO         2913    i.mem_set           ff.o
    0x0800467a   0x0800467a   0x00000032   Code   RO         2914    i.move_window       ff.o
    0x080046ac   0x080046ac   0x000000ea   Code   RO         2916    i.put_fat           ff.o
    0x08004796   0x08004796   0x00000074   Code   RO         2919    i.remove_chain      ff.o
    0x0800480a   0x0800480a   0x00000028   Code   RO         2920    i.st_clust          ff.o
    0x08004832   0x08004832   0x00000010   Code   RO         2921    i.st_dword          ff.o
    0x08004842   0x08004842   0x00000008   Code   RO         2922    i.st_word           ff.o
    0x0800484a   0x0800484a   0x0000001a   Code   RO         2923    i.sum_sfn           ff.o
    0x08004864   0x08004864   0x00000088   Code   RO         2924    i.sync_fs           ff.o
    0x080048ec   0x080048ec   0x00000052   Code   RO         2925    i.sync_window       ff.o
    0x0800493e   0x0800493e   0x00000034   Code   RO         2926    i.validate          ff.o
    0x08004972   0x08004972   0x0000000a   Code   RO         3502    x$fpl$fpinit        fz_wm.l(fpinit.o)
    0x0800497c   0x0800497c   0x00000200   Data   RO          235    .constdata          sdio.o
    0x08004b7c   0x08004b7c   0x00000014   Data   RO          596    .constdata          sd_diskio.o
    0x08004b90   0x08004b90   0x00000010   Data   RO         2774    .constdata          system_stm32f4xx.o
    0x08004ba0   0x08004ba0   0x00000008   Data   RO         2775    .constdata          system_stm32f4xx.o
    0x08004ba8   0x08004ba8   0x000000aa   Data   RO         2928    .constdata          ff.o
    0x08004c52   0x08004c52   0x000003ae   Data   RO         3298    .constdata          ccsbcs.o
    0x08005000   0x08005000   0x00000020   Data   RO         3553    Region$$Table       anon$$obj.o


    Execution Region RW_IRAM1 (Exec base: 0x20000000, Load base: 0x08005020, Size: 0x000017e8, Max: 0x0001c000, ABSOLUTE)

    Exec Addr    Load Addr    Size         Type   Attr      Idx    E Section Name        Object

    0x20000000   0x08005020   0x00000001   Data   RW           18    .data               main.o
    0x20000001   0x08005021   0x00000003   PAD
    0x20000004   0x08005024   0x00000004   Data   RW          307    .data               usart.o
    0x20000008   0x08005028   0x00000001   Data   RW          597    .data               sd_diskio.o
    0x20000009   0x08005029   0x00000005   Data   RW          678    .data               fatfs.o
    0x2000000e   0x0800502e   0x00000002   PAD
    0x20000010   0x08005030   0x0000000c   Data   RW         1631    .data               stm32f4xx_hal.o
    0x2000001c   0x0800503c   0x00000004   Data   RW         2776    .data               system_stm32f4xx.o
    0x20000020   0x08005040   0x00000008   Data   RW         2929    .data               ff.o
    0x20000028        -       0x00000084   Zero   RW          234    .bss                sdio.o
    0x200000ac        -       0x00000048   Zero   RW          306    .bss                usart.o
    0x200000f4        -       0x00000234   Zero   RW          676    .bss                fatfs.o
    0x20000328        -       0x00000230   Zero   RW          677    .bss                fatfs.o
    0x20000558        -       0x00000020   Zero   RW         2927    .bss                ff.o
    0x20000578        -       0x0000000c   Zero   RW         3226    .bss                ff_gen_drv.o
    0x20000584        -       0x00000060   Zero   RW         3434    .bss                c_w.l(libspace.o)
    0x200005e4   0x08005048   0x00000004   PAD
    0x200005e8        -       0x00000200   Zero   RW            2    HEAP                startup_stm32f407xx.o
    0x200007e8        -       0x00001000   Zero   RW            1    STACK               startup_stm32f407xx.o


    Execution Region RW_IRAM2 (Exec base: 0x2001c000, Load base: 0x08005048, Size: 0x00000000, Max: 0x00004000, ABSOLUTE)

    **** No section assigned to this execution region ****


==============================================================================

Image component sizes


      Code (inc. data)   RO Data    RW Data    ZI Data      Debug   Object Name

       174         26          0          0          0       3984   bsp_driver_sd.o
       184         22        942          0          0       2215   ccsbcs.o
       152         24          0          0          0       3681   diskio.o
        32         10          0          5       1124       1472   fatfs.o
        24          4          0          0          0        557   fatfs_platform.o
      5856        100        170          8         32      43650   ff.o
        70          6          0          0         12       1599   ff_gen_drv.o
       132         14          0          0          0        935   gpio.o
      1256        604          0          1          0     687271   main.o
       224         14         20          1          0       4440   sd_diskio.o
      1400        796        512          0        132       4585   sdio.o
        64         26        392          0       4608        832   startup_stm32f407xx.o
       180         28          0         12          0       9325   stm32f4xx_hal.o
       172         14          0          0          0      33074   stm32f4xx_hal_cortex.o
       506         46          0          0          0       2155   stm32f4xx_hal_gpio.o
        48          6          0          0          0        838   stm32f4xx_hal_msp.o
      1344         72          0          0          0       5168   stm32f4xx_hal_rcc.o
      2696         38          0          0          0      13439   stm32f4xx_hal_sd.o
       368         10          0          0          0       2012   stm32f4xx_hal_uart.o
        20          0          0          0          0       4070   stm32f4xx_it.o
      1816         48          0          0          0      25456   stm32f4xx_ll_sdmmc.o
         0          0          0          0          0        528   syscall.o
        16          4         24          4          0       1091   system_stm32f4xx.o
       186         28          0          4         72       3886   usart.o

    ----------------------------------------------------------------------
     16946       1940       2092         40       5980     856263   Object Totals
         0          0         32          0          0          0   (incl. Generated)
        26          0          0          5          0          0   (incl. Padding)

    ----------------------------------------------------------------------

      Code (inc. data)   RO Data    RW Data    ZI Data      Debug   Library Member Name

         8          0          0          0          0         68   __main.o
       104          0          0          0          0         84   __printf.o
         0          0          0          0          0          0   __rtentry.o
        12          0          0          0          0          0   __rtentry2.o
         6          0          0          0          0          0   __rtentry4.o
        52          8          0          0          0          0   __scatter.o
        26          0          0          0          0          0   __scatter_copy.o
        28          0          0          0          0          0   __scatter_zi.o
        44          0          0          0          0        108   _printf_char.o
        48          6          0          0          0         96   _printf_char_common.o
        36          4          0          0          0         80   _printf_char_file.o
         6          0          0          0          0          0   _printf_d.o
       120         16          0          0          0         92   _printf_dec.o
       178          0          0          0          0         88   _printf_intcommon.o
         0          0          0          0          0          0   _printf_percent.o
         4          0          0          0          0          0   _printf_percent_end.o
         6          0          0          0          0          0   _printf_s.o
        82          0          0          0          0         80   _printf_str.o
        10          0          0          0          0         68   _sputc.o
        18          0          0          0          0         80   exit.o
         8          0          0          0          0         68   ferror.o
         6          0          0          0          0        152   heapauxi.o
         2          0          0          0          0          0   libinit.o
         6          0          0          0          0          0   libinit2.o
         2          0          0          0          0          0   libshutdown.o
         2          0          0          0          0          0   libshutdown2.o
         8          4          0          0         96         68   libspace.o
       238          0          0          0          0        100   lludivv7m.o
        24          4          0          0          0         84   noretval__2printf.o
        40          6          0          0          0         84   noretval__2sprintf.o
        78          0          0          0          0         80   rt_memclr_w.o
       100          0          0          0          0         80   rt_memcpy_w.o
         2          0          0          0          0          0   rtexit.o
        10          0          0          0          0          0   rtexit2.o
        62          0          0          0          0         76   strlen.o
        74          0          0          0          0         80   sys_stackheap_outer.o
         2          0          0          0          0         68   use_no_semi.o
         2          0          0          0          0         68   use_no_semi_2.o
        10          0          0          0          0        116   fpinit.o

    ----------------------------------------------------------------------
      1474         48          0          0        100       1968   Library Totals
        10          0          0          0          4          0   (incl. Padding)

    ----------------------------------------------------------------------

      Code (inc. data)   RO Data    RW Data    ZI Data      Debug   Library Name

      1454         48          0          0         96       1852   c_w.l
        10          0          0          0          0        116   fz_wm.l

    ----------------------------------------------------------------------
      1474         48          0          0        100       1968   Library Totals

    ----------------------------------------------------------------------

==============================================================================


      Code (inc. data)   RO Data    RW Data    ZI Data      Debug   

     18420       1988       2092         40       6080     842795   Grand Totals
     18420       1988       2092         40       6080     842795   ELF Image Totals
     18420       1988       2092         40          0          0   ROM Totals

==============================================================================

    Total RO  Size (Code + RO Data)                20512 (  20.03kB)
    Total RW  Size (RW Data + ZI Data)              6120 (   5.98kB)
    Total ROM Size (Code + RO Data + RW Data)      20552 (  20.07kB)

==============================================================================

